Archive member included to satisfy reference by file (symbol)

../../DaisyExamples/libDaisy//build/libdaisy.a(daisy_seed.o)
                              build/TLC5916-test-seed.o (daisy::DaisySeed::GetPin(unsigned char))
../../DaisyExamples/libDaisy//build/libdaisy.a(codec_ak4556.o)
                              ../../DaisyExamples/libDaisy//build/libdaisy.a(daisy_seed.o) (daisy::Ak4556::Init(dsy_gpio_pin))
../../DaisyExamples/libDaisy//build/libdaisy.a(codec_wm8731.o)
                              ../../DaisyExamples/libDaisy//build/libdaisy.a(daisy_seed.o) (daisy::Wm8731::Init(daisy::Wm8731::Config const&, daisy::I2CHandle))
../../DaisyExamples/libDaisy//build/libdaisy.a(sdram.o)
                              ../../DaisyExamples/libDaisy//build/libdaisy.a(daisy_seed.o) (SdramHandle::Init())
../../DaisyExamples/libDaisy//build/libdaisy.a(audio.o)
                              ../../DaisyExamples/libDaisy//build/libdaisy.a(daisy_seed.o) (daisy::AudioHandle::Init(daisy::AudioHandle::Config const&, daisy::SaiHandle))
../../DaisyExamples/libDaisy//build/libdaisy.a(logger.o)
                              build/TLC5916-test-seed.o (daisy::Logger<(daisy::LoggerDestination)1>::StartLog(bool))
../../DaisyExamples/libDaisy//build/libdaisy.a(usb.o)
                              ../../DaisyExamples/libDaisy//build/libdaisy.a(logger.o) (daisy::UsbHandle::Init(daisy::UsbHandle::UsbPeriph))
../../DaisyExamples/libDaisy//build/libdaisy.a(gpio.o)
                              ../../DaisyExamples/libDaisy//build/libdaisy.a(daisy_seed.o) (daisy::GPIO::Init(daisy::Pin, daisy::GPIO::Mode, daisy::GPIO::Pull, daisy::GPIO::Speed))
../../DaisyExamples/libDaisy//build/libdaisy.a(i2c.o)
                              ../../DaisyExamples/libDaisy//build/libdaisy.a(daisy_seed.o) (daisy::I2CHandle::Init(daisy::I2CHandle::Config const&))
../../DaisyExamples/libDaisy//build/libdaisy.a(qspi.o)
                              ../../DaisyExamples/libDaisy//build/libdaisy.a(daisy_seed.o) (daisy::QSPIHandle::Init(daisy::QSPIHandle::Config const&))
../../DaisyExamples/libDaisy//build/libdaisy.a(sai.o)
                              ../../DaisyExamples/libDaisy//build/libdaisy.a(daisy_seed.o) (daisy::SaiHandle::Init(daisy::SaiHandle::Config const&))
../../DaisyExamples/libDaisy//build/libdaisy.a(system.o)
                              ../../DaisyExamples/libDaisy//build/libdaisy.a(daisy_seed.o) (daisy::System::DeInit())
../../DaisyExamples/libDaisy//build/libdaisy.a(system_stm32h7xx.o)
                              build/startup_stm32h750xx.o (SystemInit)
../../DaisyExamples/libDaisy//build/libdaisy.a(usbd_cdc_if.o)
                              ../../DaisyExamples/libDaisy//build/libdaisy.a(usb.o) (CDC_Transmit_FS)
../../DaisyExamples/libDaisy//build/libdaisy.a(usbd_conf.o)
                              ../../DaisyExamples/libDaisy//build/libdaisy.a(system.o) (hpcd_USB_OTG_HS)
../../DaisyExamples/libDaisy//build/libdaisy.a(usbd_desc.o)
                              ../../DaisyExamples/libDaisy//build/libdaisy.a(usb.o) (HS_Desc)
../../DaisyExamples/libDaisy//build/libdaisy.a(usbh_conf.o)
                              ../../DaisyExamples/libDaisy//build/libdaisy.a(system.o) (hhcd_USB_OTG_HS)
../../DaisyExamples/libDaisy//build/libdaisy.a(hal_map.o)
                              ../../DaisyExamples/libDaisy//build/libdaisy.a(gpio.o) (dsy_hal_map_get_port)
../../DaisyExamples/libDaisy//build/libdaisy.a(stm32h7xx_hal.o)
                              ../../DaisyExamples/libDaisy//build/libdaisy.a(system.o) (HAL_Init)
../../DaisyExamples/libDaisy//build/libdaisy.a(stm32h7xx_hal_cortex.o)
                              ../../DaisyExamples/libDaisy//build/libdaisy.a(stm32h7xx_hal.o) (HAL_NVIC_SetPriorityGrouping)
../../DaisyExamples/libDaisy//build/libdaisy.a(stm32h7xx_hal_dma.o)
                              ../../DaisyExamples/libDaisy//build/libdaisy.a(i2c.o) (HAL_DMA_Init)
../../DaisyExamples/libDaisy//build/libdaisy.a(stm32h7xx_hal_gpio.o)
                              ../../DaisyExamples/libDaisy//build/libdaisy.a(sdram.o) (HAL_GPIO_Init)
../../DaisyExamples/libDaisy//build/libdaisy.a(stm32h7xx_hal_hcd.o)
                              ../../DaisyExamples/libDaisy//build/libdaisy.a(usbh_conf.o) (HAL_HCD_HC_Init)
../../DaisyExamples/libDaisy//build/libdaisy.a(stm32h7xx_hal_i2c.o)
                              ../../DaisyExamples/libDaisy//build/libdaisy.a(i2c.o) (HAL_I2C_Init)
../../DaisyExamples/libDaisy//build/libdaisy.a(stm32h7xx_hal_i2c_ex.o)
                              ../../DaisyExamples/libDaisy//build/libdaisy.a(i2c.o) (HAL_I2CEx_ConfigAnalogFilter)
../../DaisyExamples/libDaisy//build/libdaisy.a(stm32h7xx_hal_pcd.o)
                              ../../DaisyExamples/libDaisy//build/libdaisy.a(usbd_conf.o) (HAL_PCD_Init)
../../DaisyExamples/libDaisy//build/libdaisy.a(stm32h7xx_hal_pcd_ex.o)
                              ../../DaisyExamples/libDaisy//build/libdaisy.a(usbd_conf.o) (HAL_PCDEx_SetTxFiFo)
[...]
Memory Configuration

Name             Origin             Length             Attributes
FLASH            0x0000000008000000 0x0000000000020000 xr
DTCMRAM          0x0000000020000000 0x0000000000020000 xrw
SRAM             0x0000000024000000 0x0000000000080000 xrw
RAM_D2           0x0000000030000000 0x0000000000048000 xrw
RAM_D3           0x0000000038000000 0x0000000000010000 xrw
BACKUP_SRAM      0x0000000038800000 0x0000000000001000 xrw
ITCMRAM          0x0000000000000000 0x0000000000010000 xrw
SDRAM            0x00000000c0000000 0x0000000004000000 xrw
QSPIFLASH        0x0000000090000000 0x0000000000800000 xr
*default*        0x0000000000000000 0xffffffffffffffff

Linker script and memory map

LOAD /Library/DaisyToolchain/0.2.0/arm/bin/../lib/gcc/arm-none-eabi/10.3.1/thumb/v7e-m+dp/hard/crti.o
LOAD /Library/DaisyToolchain/0.2.0/arm/bin/../lib/gcc/arm-none-eabi/10.3.1/thumb/v7e-m+dp/hard/crtbegin.o
LOAD /Library/DaisyToolchain/0.2.0/arm/bin/../lib/gcc/arm-none-eabi/10.3.1/../../../../arm-none-eabi/lib/thumb/v7e-m+dp/hard/crt0.o
LOAD build/startup_stm32h750xx.o
LOAD build/TLC5916-test-seed.o
LOAD ../../DaisyExamples/libDaisy//build/libdaisy.a
LOAD /Library/DaisyToolchain/0.2.0/arm/bin/../lib/gcc/arm-none-eabi/10.3.1/../../../../arm-none-eabi/lib/thumb/v7e-m+dp/hard/libnosys.a
LOAD ../../DaisyExamples/DaisySP//build/libdaisysp.a
LOAD /Library/DaisyToolchain/0.2.0/arm/bin/../lib/gcc/arm-none-eabi/10.3.1/../../../../arm-none-eabi/lib/thumb/v7e-m+dp/hard/libstdc++_nano.a
LOAD /Library/DaisyToolchain/0.2.0/arm/bin/../lib/gcc/arm-none-eabi/10.3.1/../../../../arm-none-eabi/lib/thumb/v7e-m+dp/hard/libm.a
LOAD /Library/DaisyToolchain/0.2.0/arm/bin/../lib/gcc/arm-none-eabi/10.3.1/../../../../arm-none-eabi/lib/thumb/v7e-m+dp/hard/libc_nano.a
START GROUP
LOAD /Library/DaisyToolchain/0.2.0/arm/bin/../lib/gcc/arm-none-eabi/10.3.1/thumb/v7e-m+dp/hard/libgcc.a
LOAD /Library/DaisyToolchain/0.2.0/arm/bin/../lib/gcc/arm-none-eabi/10.3.1/../../../../arm-none-eabi/lib/thumb/v7e-m+dp/hard/libc_nano.a
END GROUP
START GROUP
LOAD /Library/DaisyToolchain/0.2.0/arm/bin/../lib/gcc/arm-none-eabi/10.3.1/thumb/v7e-m+dp/hard/libgcc.a
LOAD /Library/DaisyToolchain/0.2.0/arm/bin/../lib/gcc/arm-none-eabi/10.3.1/../../../../arm-none-eabi/lib/thumb/v7e-m+dp/hard/libc_nano.a
LOAD /Library/DaisyToolchain/0.2.0/arm/bin/../lib/gcc/arm-none-eabi/10.3.1/../../../../arm-none-eabi/lib/thumb/v7e-m+dp/hard/libnosys.a
END GROUP
START GROUP
LOAD /Library/DaisyToolchain/0.2.0/arm/bin/../lib/gcc/arm-none-eabi/10.3.1/thumb/v7e-m+dp/hard/libgcc.a
LOAD /Library/DaisyToolchain/0.2.0/arm/bin/../lib/gcc/arm-none-eabi/10.3.1/../../../../arm-none-eabi/lib/thumb/v7e-m+dp/hard/libc_nano.a
LOAD /Library/DaisyToolchain/0.2.0/arm/bin/../lib/gcc/arm-none-eabi/10.3.1/../../../../arm-none-eabi/lib/thumb/v7e-m+dp/hard/libnosys.a
END GROUP
LOAD /Library/DaisyToolchain/0.2.0/arm/bin/../lib/gcc/arm-none-eabi/10.3.1/thumb/v7e-m+dp/hard/crtend.o
LOAD /Library/DaisyToolchain/0.2.0/arm/bin/../lib/gcc/arm-none-eabi/10.3.1/thumb/v7e-m+dp/hard/crtn.o
                0x0000000020020000                _estack = 0x20020000

.isr_vector     0x0000000008000000      0x298
                0x0000000008000000                . = ALIGN (0x4)
 *(.isr_vector)
 .isr_vector    0x0000000008000000      0x298 build/startup_stm32h750xx.o
                0x0000000008000000                g_pfnVectors
                0x0000000008000298                . = ALIGN (0x4)

.text           0x00000000080002a0    0x140f4
                0x00000000080002a0                . = ALIGN (0x4)
                0x00000000080002a0                _stext = .
 *(.text)
 .text          0x00000000080002a0       0x40 /Library/DaisyToolchain/0.2.0/arm/bin/../lib/gcc/arm-none-eabi/10.3.1/thumb/v7e-m+dp/hard/crtbegin.o
 .text          0x00000000080002e0       0x10 /Library/DaisyToolchain/0.2.0/arm/bin/../lib/gcc/arm-none-eabi/10.3.1/../../../../arm-none-eabi/lib/thumb/v7e-m+dp/hard/libc_nano.a(lib_a-strlen.o)
                0x00000000080002e0                strlen
 .text          0x00000000080002f0       0xa0 /Library/DaisyToolchain/0.2.0/arm/bin/../lib/gcc/arm-none-eabi/10.3.1/../../../../arm-none-eabi/lib/thumb/v7e-m+dp/hard/libc_nano.a(lib_a-memchr.o)
                0x00000000080002f0                memchr
 .text          0x0000000008000390       0x30 /Library/DaisyToolchain/0.2.0/arm/bin/../lib/gcc/arm-none-eabi/10.3.1/thumb/v7e-m+dp/hard/libgcc.a(_aeabi_uldivmod.o)
                0x0000000008000390                __aeabi_uldivmod
 .text          0x00000000080003c0      0x2d0 /Library/DaisyToolchain/0.2.0/arm/bin/../lib/gcc/arm-none-eabi/10.3.1/thumb/v7e-m+dp/hard/libgcc.a(_udivmoddi4.o)
                0x00000000080003c0                __udivmoddi4
 .text          0x0000000008000690        0x4 /Library/DaisyToolchain/0.2.0/arm/bin/../lib/gcc/arm-none-eabi/10.3.1/thumb/v7e-m+dp/hard/libgcc.a(_dvmd_tls.o)
                0x0000000008000690                __aeabi_ldiv0
                0x0000000008000690                __aeabi_idiv0
 *(.text*)
 .text.Default_Handler
                0x0000000008000694        0x4 build/startup_stm32h750xx.o
                0x0000000008000694                SAI1_IRQHandler
                0x0000000008000694                HASH_RNG_IRQHandler
                0x0000000008000694                EXTI2_IRQHandler
                0x0000000008000694                TIM8_CC_IRQHandler
                0x0000000008000694                HRTIM1_Master_IRQHandler
                0x0000000008000694                DebugMon_Handler
                0x0000000008000694                TIM1_CC_IRQHandler
                0x0000000008000694                BDMA_Channel6_IRQHandler
                0x0000000008000694                DMA2_Stream5_IRQHandler
                0x0000000008000694                HRTIM1_FLT_IRQHandler
                0x0000000008000694                JPEG_IRQHandler
                0x0000000008000694                BDMA_Channel1_IRQHandler
                0x0000000008000694                HRTIM1_TIMD_IRQHandler
                0x0000000008000694                TAMP_STAMP_IRQHandler
                0x0000000008000694                PendSV_Handler
                0x0000000008000694                NMI_Handler
                0x0000000008000694                EXTI3_IRQHandler
                0x0000000008000694                LPTIM4_IRQHandler
                0x0000000008000694                TIM8_TRG_COM_TIM14_IRQHandler
                0x0000000008000694                LPTIM2_IRQHandler
                0x0000000008000694                DFSDM1_FLT1_IRQHandler
                0x0000000008000694                DMAMUX2_OVR_IRQHandler
                0x0000000008000694                TIM8_UP_TIM13_IRQHandler
                0x0000000008000694                I2C3_ER_IRQHandler
                0x0000000008000694                DFSDM1_FLT2_IRQHandler
                0x0000000008000694                MDMA_IRQHandler
                0x0000000008000694                LPTIM3_IRQHandler
                0x0000000008000694                HSEM1_IRQHandler
                0x0000000008000694                EXTI0_IRQHandler
                0x0000000008000694                DMA1_Stream2_IRQHandler
                0x0000000008000694                FPU_IRQHandler
                0x0000000008000694                OTG_HS_WKUP_IRQHandler
                0x0000000008000694                FDCAN1_IT1_IRQHandler
                0x0000000008000694                UsageFault_Handler
                0x0000000008000694                LTDC_ER_IRQHandler
                0x0000000008000694                HRTIM1_TIME_IRQHandler
                0x0000000008000694                TIM6_DAC_IRQHandler
                0x0000000008000694                DCMI_IRQHandler
                0x0000000008000694                HRTIM1_TIMC_IRQHandler
                0x0000000008000694                SAI2_IRQHandler
                0x0000000008000694                DFSDM1_FLT3_IRQHandler
                0x0000000008000694                TIM17_IRQHandler
                0x0000000008000694                CRYP_IRQHandler
                0x0000000008000694                BDMA_Channel7_IRQHandler
                0x0000000008000694                LPTIM5_IRQHandler
                0x0000000008000694                ADC3_IRQHandler
                0x0000000008000694                DMA2_Stream0_IRQHandler
                0x0000000008000694                BDMA_Channel2_IRQHandler
                0x0000000008000694                DMAMUX1_OVR_IRQHandler
                0x0000000008000694                TIM16_IRQHandler
                0x0000000008000694                BDMA_Channel5_IRQHandler
                0x0000000008000694                RCC_IRQHandler
                0x0000000008000694                TIM8_BRK_TIM12_IRQHandler
                0x0000000008000694                TIM1_TRG_COM_IRQHandler
                0x0000000008000694                Default_Handler
                0x0000000008000694                ECC_IRQHandler
                0x0000000008000694                CEC_IRQHandler
                0x0000000008000694                EXTI15_10_IRQHandler
                0x0000000008000694                BDMA_Channel0_IRQHandler
                0x0000000008000694                ADC_IRQHandler
                0x0000000008000694                DMA1_Stream7_IRQHandler
                0x0000000008000694                HRTIM1_TIMA_IRQHandler
                0x0000000008000694                TIM7_IRQHandler
                0x0000000008000694                SDMMC1_IRQHandler
                0x0000000008000694                DMA2_Stream7_IRQHandler
                0x0000000008000694                TIM15_IRQHandler
                0x0000000008000694                PVD_AVD_IRQHandler
                0x0000000008000694                EXTI9_5_IRQHandler
                0x0000000008000694                RTC_WKUP_IRQHandler
                0x0000000008000694                LTDC_IRQHandler
                0x0000000008000694                SAI3_IRQHandler
                0x0000000008000694                ETH_WKUP_IRQHandler
                0x0000000008000694                SPDIF_RX_IRQHandler
                0x0000000008000694                MemManage_Handler
                0x0000000008000694                SVC_Handler
                0x0000000008000694                CRS_IRQHandler
                0x0000000008000694                EXTI4_IRQHandler
                0x0000000008000694                HRTIM1_TIMB_IRQHandler
                0x0000000008000694                FDCAN2_IT1_IRQHandler
                0x0000000008000694                ETH_IRQHandler
                0x0000000008000694                TIM1_UP_IRQHandler
                0x0000000008000694                BDMA_Channel4_IRQHandler
                0x0000000008000694                WWDG_IRQHandler
                0x0000000008000694                SPI6_IRQHandler
                0x0000000008000694                I2C4_EV_IRQHandler
                0x0000000008000694                MDIOS_IRQHandler
                0x0000000008000694                FDCAN2_IT0_IRQHandler
                0x0000000008000694                FDCAN1_IT0_IRQHandler
                0x0000000008000694                OTG_FS_WKUP_IRQHandler
                0x0000000008000694                DMA2D_IRQHandler
                0x0000000008000694                TIM1_BRK_IRQHandler
                0x0000000008000694                EXTI1_IRQHandler
                0x0000000008000694                SDMMC2_IRQHandler
                0x0000000008000694                BDMA_Channel3_IRQHandler
                0x0000000008000694                MDIOS_WKUP_IRQHandler
                0x0000000008000694                DFSDM1_FLT0_IRQHandler
                0x0000000008000694                SAI4_IRQHandler
                0x0000000008000694                I2C2_ER_IRQHandler
                0x0000000008000694                DMA2_Stream1_IRQHandler
                0x0000000008000694                FLASH_IRQHandler
                0x0000000008000694                BusFault_Handler
                0x0000000008000694                WAKEUP_PIN_IRQHandler
                0x0000000008000694                I2C1_ER_IRQHandler
                0x0000000008000694                FMC_IRQHandler
                0x0000000008000694                FDCAN_CAL_IRQHandler
                0x0000000008000694                SWPMI1_IRQHandler
                0x0000000008000694                COMP1_IRQHandler
                0x0000000008000694                LPTIM1_IRQHandler
                0x0000000008000694                I2C4_ER_IRQHandler
                0x0000000008000694                DMA2_Stream6_IRQHandler
                0x0000000008000694                RTC_Alarm_IRQHandler
 .text.Reset_Handler
                0x0000000008000698       0x44 build/startup_stm32h750xx.o
                0x0000000008000698                Reset_Handler
 .text._ZN5daisy9DaisySeedD2Ev
                0x00000000080006dc        0x4 build/TLC5916-test-seed.o
                0x00000000080006dc                daisy::DaisySeed::~DaisySeed()
                0x00000000080006dc                daisy::DaisySeed::~DaisySeed()
 .text._ZN7daisysp5MetroD2Ev
                0x00000000080006e0        0x4 build/TLC5916-test-seed.o
                0x00000000080006e0                daisysp::Metro::~Metro()
                0x00000000080006e0                daisysp::Metro::~Metro()
 .text._Z13AudioCallbackPKPKfPPfj
                0x00000000080006e4      0x178 build/TLC5916-test-seed.o
                0x00000000080006e4                AudioCallback(float const* const*, float**, unsigned int)
 .text.startup.main
                0x000000000800085c       0xa4 build/TLC5916-test-seed.o
                0x000000000800085c                main
 .text.startup._GLOBAL__sub_I_hw
                0x0000000008000900       0x38 build/TLC5916-test-seed.o
 .text._ZN5daisy9DaisySeed6GetPinEh
                0x0000000008000938       0x2c ../../DaisyExamples/libDaisy//build/libdaisy.a(daisy_seed.o)
                0x0000000008000938                daisy::DaisySeed::GetPin(unsigned char)
 .text._ZN5daisy9DaisySeed10StartAudioEPFvPKPKfPPfjE
                0x0000000008000964        0x8 ../../DaisyExamples/libDaisy//build/libdaisy.a(daisy_seed.o)
                0x0000000008000964                daisy::DaisySeed::StartAudio(void (*)(float const* const*, float**, unsigned int))
 .text._ZN5daisy9DaisySeed18SetAudioSampleRateENS_9SaiHandle6Config10SampleRateE
                0x000000000800096c       0x38 ../../DaisyExamples/libDaisy//build/libdaisy.a(daisy_seed.o)
                0x000000000800096c                daisy::DaisySeed::SetAudioSampleRate(daisy::SaiHandle::Config::SampleRate)
 .text._ZN5daisy9DaisySeed15AudioSampleRateEv
                0x00000000080009a4        0x8 ../../DaisyExamples/libDaisy//build/libdaisy.a(daisy_seed.o)
                0x00000000080009a4                daisy::DaisySeed::AudioSampleRate()
 .text._ZN5daisy9DaisySeed17SetAudioBlockSizeEj
                0x00000000080009ac       0x38 ../../DaisyExamples/libDaisy//build/libdaisy.a(daisy_seed.o)
                0x00000000080009ac                daisy::DaisySeed::SetAudioBlockSize(unsigned int)
 .text._ZN5daisy9DaisySeed17CheckBoardVersionEv
                0x00000000080009e4       0x6c ../../DaisyExamples/libDaisy//build/libdaisy.a(daisy_seed.o)
                0x00000000080009e4                daisy::DaisySeed::CheckBoardVersion()
 .text._ZN5daisy9DaisySeed14ConfigureAudioEv
                0x0000000008000a50      0x10c ../../DaisyExamples/libDaisy//build/libdaisy.a(daisy_seed.o)
                0x0000000008000a50                daisy::DaisySeed::ConfigureAudio()
 .text._ZN5daisy9DaisySeed4InitEb
                0x0000000008000b5c      0x108 ../../DaisyExamples/libDaisy//build/libdaisy.a(daisy_seed.o)
                0x0000000008000b5c                daisy::DaisySeed::Init(bool)
 .text._ZN5daisy6Ak45564InitE12dsy_gpio_pin
                0x0000000008000c64       0x44 ../../DaisyExamples/libDaisy//build/libdaisy.a(codec_ak4556.o)
                0x0000000008000c64                daisy::Ak4556::Init(dsy_gpio_pin)
 .text._ZN5daisy6Wm873120WriteControlRegisterEht
                0x0000000008000ca8       0x3c ../../DaisyExamples/libDaisy//build/libdaisy.a(codec_wm8731.o)
                0x0000000008000ca8                daisy::Wm8731::WriteControlRegister(unsigned char, unsigned short)
 .text._ZN5daisy6Wm87314InitERKNS0_6ConfigENS_9I2CHandleE
                0x0000000008000ce4      0x1bc ../../DaisyExamples/libDaisy//build/libdaisy.a(codec_wm8731.o)
                0x0000000008000ce4                daisy::Wm8731::Init(daisy::Wm8731::Config const&, daisy::I2CHandle)
 .text._ZN11SdramHandle10DeviceInitEv
                0x0000000008000ea0       0x98 ../../DaisyExamples/libDaisy//build/libdaisy.a(sdram.o)
                0x0000000008000ea0                SdramHandle::DeviceInit()
 .text._ZN11SdramHandle4InitEv
                0x0000000008000f38       0x7c ../../DaisyExamples/libDaisy//build/libdaisy.a(sdram.o)
                0x0000000008000f38                SdramHandle::Init()
 .text.HAL_SDRAM_MspInit
                0x0000000008000fb4      0x1a8 ../../DaisyExamples/libDaisy//build/libdaisy.a(sdram.o)
                0x0000000008000fb4                HAL_SDRAM_MspInit
 .text._ZN5daisy11AudioHandle4Impl16InternalCallbackEPlS2_j
                0x000000000800115c      0xbbc ../../DaisyExamples/libDaisy//build/libdaisy.a(audio.o)
                0x000000000800115c                daisy::AudioHandle::Impl::InternalCallback(long*, long*, unsigned int)
 .text._ZN5daisy11AudioHandle4InitERKNS0_6ConfigENS_9SaiHandleE
                0x0000000008001d18       0x70 ../../DaisyExamples/libDaisy//build/libdaisy.a(audio.o)
                0x0000000008001d18                daisy::AudioHandle::Init(daisy::AudioHandle::Config const&, daisy::SaiHandle)
 .text._ZNK5daisy11AudioHandle9GetConfigEv
                0x0000000008001d88        0x8 ../../DaisyExamples/libDaisy//build/libdaisy.a(audio.o)
                0x0000000008001d88                daisy::AudioHandle::GetConfig() const
 .text._ZN5daisy11AudioHandle12SetBlockSizeEj
                0x0000000008001d90       0x1c ../../DaisyExamples/libDaisy//build/libdaisy.a(audio.o)
                0x0000000008001d90                daisy::AudioHandle::SetBlockSize(unsigned int)
 .text._ZN5daisy11AudioHandle13GetSampleRateEv
                0x0000000008001dac        0x8 ../../DaisyExamples/libDaisy//build/libdaisy.a(audio.o)
                0x0000000008001dac                daisy::AudioHandle::GetSampleRate()
 .text._ZN5daisy11AudioHandle13SetSampleRateENS_9SaiHandle6Config10SampleRateE
                0x0000000008001db4       0x88 ../../DaisyExamples/libDaisy//build/libdaisy.a(audio.o)
                0x0000000008001db4                daisy::AudioHandle::SetSampleRate(daisy::SaiHandle::Config::SampleRate)
 .text._ZN5daisy11AudioHandle5StartEPFvPKPKfPPfjE
                0x0000000008001e3c       0x44 ../../DaisyExamples/libDaisy//build/libdaisy.a(audio.o)
                0x0000000008001e3c                daisy::AudioHandle::Start(void (*)(float const* const*, float**, unsigned int))
 .text.startup._GLOBAL__sub_I__ZN5daisy11AudioHandle4Impl4InitENS0_6ConfigENS_9SaiHandleE
                0x0000000008001e80       0x24 ../../DaisyExamples/libDaisy//build/libdaisy.a(audio.o)
 .text._ZN5daisy9UsbHandleD2Ev
                0x0000000008001ea4        0x4 ../../DaisyExamples/libDaisy//build/libdaisy.a(logger.o)
                0x0000000008001ea4                daisy::UsbHandle::~UsbHandle()
                0x0000000008001ea4                daisy::UsbHandle::~UsbHandle()
 .text._ZN5daisy6LoggerILNS_17LoggerDestinationE1EE11TransmitBufEv
                0x0000000008001ea8       0x60 ../../DaisyExamples/libDaisy//build/libdaisy.a(logger.o)
                0x0000000008001ea8                daisy::Logger<(daisy::LoggerDestination)1>::TransmitBuf()
 .text._ZN5daisy6LoggerILNS_17LoggerDestinationE1EE13AppendNewLineEv
                0x0000000008001f08       0x60 ../../DaisyExamples/libDaisy//build/libdaisy.a(logger.o)
                0x0000000008001f08                daisy::Logger<(daisy::LoggerDestination)1>::AppendNewLine()
 .text._ZN5daisy6LoggerILNS_17LoggerDestinationE1EE10PrintLineVEPKcSt9__va_list
                0x0000000008001f68       0x30 ../../DaisyExamples/libDaisy//build/libdaisy.a(logger.o)
                0x0000000008001f68                daisy::Logger<(daisy::LoggerDestination)1>::PrintLineV(char const*, std::__va_list)
 .text._ZN5daisy6LoggerILNS_17LoggerDestinationE1EE9PrintLineEPKcz
                0x0000000008001f98       0x1c ../../DaisyExamples/libDaisy//build/libdaisy.a(logger.o)
                0x0000000008001f98                daisy::Logger<(daisy::LoggerDestination)1>::PrintLine(char const*, ...)
 .text._ZN5daisy6LoggerILNS_17LoggerDestinationE1EE8StartLogEb
                0x0000000008001fb4       0x40 ../../DaisyExamples/libDaisy//build/libdaisy.a(logger.o)
                0x0000000008001fb4                daisy::Logger<(daisy::LoggerDestination)1>::StartLog(bool)
 .text.startup._GLOBAL__sub_I__ZN5daisy10LoggerImplILNS_17LoggerDestinationE1EE11usb_handle_E
                0x0000000008001ff4       0x2c ../../DaisyExamples/libDaisy//build/libdaisy.a(logger.o)
 .text.DummyRxCallback
                0x0000000008002020        0x4 ../../DaisyExamples/libDaisy//build/libdaisy.a(usb.o)
                0x0000000008002020                DummyRxCallback
 .text._ZN5daisy9UsbHandle4InitENS0_9UsbPeriphE
                0x0000000008002024      0x10c ../../DaisyExamples/libDaisy//build/libdaisy.a(usb.o)
                0x0000000008002024                daisy::UsbHandle::Init(daisy::UsbHandle::UsbPeriph)
 .text._ZN5daisy9UsbHandle16TransmitInternalEPhj
                0x0000000008002130       0x14 ../../DaisyExamples/libDaisy//build/libdaisy.a(usb.o)
                0x0000000008002130                daisy::UsbHandle::TransmitInternal(unsigned char*, unsigned int)
 .text.OTG_FS_EP1_OUT_IRQHandler
                0x0000000008002144        0xc ../../DaisyExamples/libDaisy//build/libdaisy.a(usb.o)
                0x0000000008002144                OTG_FS_EP1_OUT_IRQHandler
 .text.OTG_FS_EP1_IN_IRQHandler
                0x0000000008002150        0xc ../../DaisyExamples/libDaisy//build/libdaisy.a(usb.o)
                0x0000000008002150                OTG_FS_EP1_IN_IRQHandler
 .text.OTG_FS_IRQHandler
                0x000000000800215c        0xc ../../DaisyExamples/libDaisy//build/libdaisy.a(usb.o)
                0x000000000800215c                OTG_FS_IRQHandler
 .text._ZN5daisy4GPIO4InitENS_3PinENS0_4ModeENS0_4PullENS0_5SpeedE
                0x0000000008002168      0x1cc ../../DaisyExamples/libDaisy//build/libdaisy.a(gpio.o)
                0x0000000008002168                daisy::GPIO::Init(daisy::Pin, daisy::GPIO::Mode, daisy::GPIO::Pull, daisy::GPIO::Speed)
 .text._ZN5daisy4GPIO4ReadEv
                0x0000000008002334       0x18 ../../DaisyExamples/libDaisy//build/libdaisy.a(gpio.o)
                0x0000000008002334                daisy::GPIO::Read()
 .text._ZN5daisy4GPIO5WriteEb
                0x000000000800234c       0x14 ../../DaisyExamples/libDaisy//build/libdaisy.a(gpio.o)
                0x000000000800234c                daisy::GPIO::Write(bool)
 .text.dsy_gpio_init
                0x0000000008002360      0x1b8 ../../DaisyExamples/libDaisy//build/libdaisy.a(gpio.o)
                0x0000000008002360                dsy_gpio_init
 .text.dsy_gpio_write
                0x0000000008002518       0x24 ../../DaisyExamples/libDaisy//build/libdaisy.a(gpio.o)
                0x0000000008002518                dsy_gpio_write
 .text._ZN5daisy9I2CHandle4Impl8InitPinsEv
                0x000000000800253c       0x58 ../../DaisyExamples/libDaisy//build/libdaisy.a(i2c.o)
                0x000000000800253c                daisy::I2CHandle::Impl::InitPins()
 .text.HAL_I2C_MspInit
                0x0000000008002594      0x1b4 ../../DaisyExamples/libDaisy//build/libdaisy.a(i2c.o)
                0x0000000008002594                HAL_I2C_MspInit
 .text.dsy_i2c_global_init
                0x0000000008002748       0x78 ../../DaisyExamples/libDaisy//build/libdaisy.a(i2c.o)
                0x0000000008002748                dsy_i2c_global_init
 .text.DMA1_Stream6_IRQHandler
                0x00000000080027c0       0x34 ../../DaisyExamples/libDaisy//build/libdaisy.a(i2c.o)
                0x00000000080027c0                DMA1_Stream6_IRQHandler
 .text.I2C1_EV_IRQHandler
                0x00000000080027f4        0xc ../../DaisyExamples/libDaisy//build/libdaisy.a(i2c.o)
                0x00000000080027f4                I2C1_EV_IRQHandler
 .text.I2C2_EV_IRQHandler
                0x0000000008002800        0xc ../../DaisyExamples/libDaisy//build/libdaisy.a(i2c.o)
                0x0000000008002800                I2C2_EV_IRQHandler
 .text.I2C3_EV_IRQHandler
                0x000000000800280c        0xc ../../DaisyExamples/libDaisy//build/libdaisy.a(i2c.o)
                0x000000000800280c                I2C3_EV_IRQHandler
 .text._ZN5daisy9I2CHandle4InitERKNS0_6ConfigE
                0x0000000008002818      0x12c ../../DaisyExamples/libDaisy//build/libdaisy.a(i2c.o)
                0x0000000008002818                daisy::I2CHandle::Init(daisy::I2CHandle::Config const&)
 .text._ZN5daisy9I2CHandle16TransmitBlockingEtPhtm
                0x0000000008002944       0x50 ../../DaisyExamples/libDaisy//build/libdaisy.a(i2c.o)
                0x0000000008002944                daisy::I2CHandle::TransmitBlocking(unsigned short, unsigned char*, unsigned short, unsigned long)
 .text.startup._GLOBAL__sub_I__ZN5daisy9I2CHandle4Impl10GlobalInitEv
                0x0000000008002994       0x18 ../../DaisyExamples/libDaisy//build/libdaisy.a(i2c.o)
 .text._ZN5daisy10QSPIHandle4Impl11WriteEnableEv
                0x00000000080029ac       0x8c ../../DaisyExamples/libDaisy//build/libdaisy.a(qspi.o)
                0x00000000080029ac                daisy::QSPIHandle::Impl::WriteEnable()
 .text._ZN5daisy10QSPIHandle4Impl17DummyCyclesConfigENS0_6Config6DeviceE
                0x0000000008002a38      0x118 ../../DaisyExamples/libDaisy//build/libdaisy.a(qspi.o)
                0x0000000008002a38                daisy::QSPIHandle::Impl::DummyCyclesConfig(daisy::QSPIHandle::Config::Device)
 .text._ZN5daisy10QSPIHandle4Impl10QuadEnableEv
                0x0000000008002b50      0x158 ../../DaisyExamples/libDaisy//build/libdaisy.a(qspi.o)
                0x0000000008002b50                daisy::QSPIHandle::Impl::QuadEnable()
 .text._ZN5daisy10QSPIHandle4InitERKNS0_6ConfigE
                0x0000000008002ca8      0x198 ../../DaisyExamples/libDaisy//build/libdaisy.a(qspi.o)
                0x0000000008002ca8                daisy::QSPIHandle::Init(daisy::QSPIHandle::Config const&)
 .text.HAL_QSPI_MspInit
                0x0000000008002e40      0x11c ../../DaisyExamples/libDaisy//build/libdaisy.a(qspi.o)
                0x0000000008002e40                HAL_QSPI_MspInit
 .text.HAL_QSPI_MspDeInit
                0x0000000008002f5c       0x54 ../../DaisyExamples/libDaisy//build/libdaisy.a(qspi.o)
                0x0000000008002f5c                HAL_QSPI_MspDeInit
 .text.QUADSPI_IRQHandler
                0x0000000008002fb0        0xc ../../DaisyExamples/libDaisy//build/libdaisy.a(qspi.o)
                0x0000000008002fb0                QUADSPI_IRQHandler
 .text.startup._GLOBAL__sub_I__ZN5daisy10QSPIHandle4Impl4InitERKNS0_6ConfigE
                0x0000000008002fbc       0x28 ../../DaisyExamples/libDaisy//build/libdaisy.a(qspi.o)
 .text._ZN5daisy9SaiHandle4Impl7InitDmaENS1_15PeripheralBlockE
                0x0000000008002fe4       0xa0 ../../DaisyExamples/libDaisy//build/libdaisy.a(sai.o)
                0x0000000008002fe4                daisy::SaiHandle::Impl::InitDma(daisy::SaiHandle::Impl::PeripheralBlock)
 .text._ZN5daisy9SaiHandle4Impl8InitPinsEv
                0x0000000008003084       0xa8 ../../DaisyExamples/libDaisy//build/libdaisy.a(sai.o)
                0x0000000008003084                daisy::SaiHandle::Impl::InitPins()
 .text.HAL_SAI_MspInit
                0x000000000800312c      0x164 ../../DaisyExamples/libDaisy//build/libdaisy.a(sai.o)
                0x000000000800312c                HAL_SAI_MspInit
 .text.DMA1_Stream0_IRQHandler
                0x0000000008003290        0xc ../../DaisyExamples/libDaisy//build/libdaisy.a(sai.o)
                0x0000000008003290                DMA1_Stream0_IRQHandler
 .text.DMA1_Stream1_IRQHandler
                0x000000000800329c        0xc ../../DaisyExamples/libDaisy//build/libdaisy.a(sai.o)
                0x000000000800329c                DMA1_Stream1_IRQHandler
 .text.DMA1_Stream3_IRQHandler
                0x00000000080032a8        0xc ../../DaisyExamples/libDaisy//build/libdaisy.a(sai.o)
                0x00000000080032a8                DMA1_Stream3_IRQHandler
 .text.DMA1_Stream4_IRQHandler
                0x00000000080032b4        0xc ../../DaisyExamples/libDaisy//build/libdaisy.a(sai.o)
                0x00000000080032b4                DMA1_Stream4_IRQHandler
 .text.HAL_SAI_RxHalfCpltCallback
                0x00000000080032c0       0x78 ../../DaisyExamples/libDaisy//build/libdaisy.a(sai.o)
                0x00000000080032c0                HAL_SAI_RxHalfCpltCallback
 .text.HAL_SAI_RxCpltCallback
                0x0000000008003338       0x70 ../../DaisyExamples/libDaisy//build/libdaisy.a(sai.o)
                0x0000000008003338                HAL_SAI_RxCpltCallback
 .text._ZN5daisy9SaiHandle4InitERKNS0_6ConfigE
                0x00000000080033a8      0x1f0 ../../DaisyExamples/libDaisy//build/libdaisy.a(sai.o)
                0x00000000080033a8                daisy::SaiHandle::Init(daisy::SaiHandle::Config const&)
 .text._ZNK5daisy9SaiHandle9GetConfigEv
                0x0000000008003598        0x4 ../../DaisyExamples/libDaisy//build/libdaisy.a(sai.o)
                0x0000000008003598                daisy::SaiHandle::GetConfig() const
 .text._ZN5daisy9SaiHandle8StartDmaEPlS1_jPFvS1_S1_jE
                0x000000000800359c       0xbc ../../DaisyExamples/libDaisy//build/libdaisy.a(sai.o)
                0x000000000800359c                daisy::SaiHandle::StartDma(long*, long*, unsigned int, void (*)(long*, long*, unsigned int))
 .text._ZN5daisy9SaiHandle13GetSampleRateEv
                0x0000000008003658       0x24 ../../DaisyExamples/libDaisy//build/libdaisy.a(sai.o)
                0x0000000008003658                daisy::SaiHandle::GetSampleRate()
 .text._ZNK5daisy9SaiHandle9GetOffsetEv
                0x000000000800367c        0x8 ../../DaisyExamples/libDaisy//build/libdaisy.a(sai.o)
                0x000000000800367c                daisy::SaiHandle::GetOffset() const
 .text._ZN5daisy11TimerHandleD2Ev
                0x0000000008003684        0x4 ../../DaisyExamples/libDaisy//build/libdaisy.a(system.o)
                0x0000000008003684                daisy::TimerHandle::~TimerHandle()
                0x0000000008003684                daisy::TimerHandle::~TimerHandle()
 .text.SysTick_Handler
                0x0000000008003688       0x10 ../../DaisyExamples/libDaisy//build/libdaisy.a(system.o)
                0x0000000008003688                SysTick_Handler
 .text.OTG_HS_EP1_OUT_IRQHandler
                0x0000000008003698       0x24 ../../DaisyExamples/libDaisy//build/libdaisy.a(system.o)
                0x0000000008003698                OTG_HS_EP1_OUT_IRQHandler
 .text.OTG_HS_EP1_IN_IRQHandler
                0x00000000080036bc       0x24 ../../DaisyExamples/libDaisy//build/libdaisy.a(system.o)
                0x00000000080036bc                OTG_HS_EP1_IN_IRQHandler
 .text.OTG_HS_IRQHandler
                0x00000000080036e0       0x24 ../../DaisyExamples/libDaisy//build/libdaisy.a(system.o)
                0x00000000080036e0                OTG_HS_IRQHandler
 .text.HardFault_Handler
                0x0000000008003704       0xe0 ../../DaisyExamples/libDaisy//build/libdaisy.a(system.o)
                0x0000000008003704                HardFault_Handler
 .text._ZN5daisy6System5DelayEm
                0x00000000080037e4        0x4 ../../DaisyExamples/libDaisy//build/libdaisy.a(system.o)
                0x00000000080037e4                daisy::System::Delay(unsigned long)
 .text._ZN5daisy6System20GetBootloaderVersionEv
                0x00000000080037e8       0x34 ../../DaisyExamples/libDaisy//build/libdaisy.a(system.o)
                0x00000000080037e8                daisy::System::GetBootloaderVersion()
 .text._ZN5daisy6System15ConfigureClocksEv
                0x000000000800381c      0x194 ../../DaisyExamples/libDaisy//build/libdaisy.a(system.o)
                0x000000000800381c                daisy::System::ConfigureClocks()
 .text._ZN5daisy6System12ConfigureMpuEv
                0x00000000080039b0       0x7c ../../DaisyExamples/libDaisy//build/libdaisy.a(system.o)
                0x00000000080039b0                daisy::System::ConfigureMpu()
 .text._ZN5daisy6System4InitERKNS0_6ConfigE
                0x0000000008003a2c       0xec ../../DaisyExamples/libDaisy//build/libdaisy.a(system.o)
                0x0000000008003a2c                daisy::System::Init(daisy::System::Config const&)
 .text._ZN5daisy6System12GetPClk1FreqEv
                0x0000000008003b18        0x4 ../../DaisyExamples/libDaisy//build/libdaisy.a(system.o)
                0x0000000008003b18                daisy::System::GetPClk1Freq()
 .text._ZN5daisy6System22GetProgramMemoryRegionEv
                0x0000000008003b1c       0x78 ../../DaisyExamples/libDaisy//build/libdaisy.a(system.o)
                0x0000000008003b1c                daisy::System::GetProgramMemoryRegion()
 .text.startup._GLOBAL__sub_I__ZN5daisy9boot_infoE
                0x0000000008003b94       0x1c ../../DaisyExamples/libDaisy//build/libdaisy.a(system.o)
 .text.SystemInit
                0x0000000008003bb0       0x9c ../../DaisyExamples/libDaisy//build/libdaisy.a(system_stm32h7xx.o)
                0x0000000008003bb0                SystemInit
 .text.dummy_rx_callback
                0x0000000008003c4c        0x4 ../../DaisyExamples/libDaisy//build/libdaisy.a(usbd_cdc_if.o)
                0x0000000008003c4c                dummy_rx_callback
 .text.CDC_DeInit_FS
                0x0000000008003c50        0x4 ../../DaisyExamples/libDaisy//build/libdaisy.a(usbd_cdc_if.o)
 .text.CDC_Receive_FS
                0x0000000008003c54       0x2c ../../DaisyExamples/libDaisy//build/libdaisy.a(usbd_cdc_if.o)
 .text.CDC_Receive_HS
                0x0000000008003c80       0x2c ../../DaisyExamples/libDaisy//build/libdaisy.a(usbd_cdc_if.o)
 .text.CDC_Init_FS
                0x0000000008003cac       0x3c ../../DaisyExamples/libDaisy//build/libdaisy.a(usbd_cdc_if.o)
 .text.CDC_Init_HS
                0x0000000008003ce8       0x3c ../../DaisyExamples/libDaisy//build/libdaisy.a(usbd_cdc_if.o)
 .text.CDC_Control_FS
                0x0000000008003d24       0x34 ../../DaisyExamples/libDaisy//build/libdaisy.a(usbd_cdc_if.o)
 .text.CDC_Control_HS
                0x0000000008003d58       0x34 ../../DaisyExamples/libDaisy//build/libdaisy.a(usbd_cdc_if.o)
 .text.CDC_DeInit_HS
                0x0000000008003d8c        0x4 ../../DaisyExamples/libDaisy//build/libdaisy.a(usbd_cdc_if.o)
 .text.CDC_Transmit_FS
                0x0000000008003d90       0x2c ../../DaisyExamples/libDaisy//build/libdaisy.a(usbd_cdc_if.o)
                0x0000000008003d90                CDC_Transmit_FS
 .text.HAL_PCD_MspInit
                0x0000000008003dbc      0x144 ../../DaisyExamples/libDaisy//build/libdaisy.a(usbd_conf.o)
                0x0000000008003dbc                HAL_PCD_MspInit
 .text.HAL_PCD_SetupStageCallback
                0x0000000008003f00        0xc ../../DaisyExamples/libDaisy//build/libdaisy.a(usbd_conf.o)
                0x0000000008003f00                HAL_PCD_SetupStageCallback
 .text.HAL_PCD_DataOutStageCallback
                0x0000000008003f0c       0x14 ../../DaisyExamples/libDaisy//build/libdaisy.a(usbd_conf.o)
                0x0000000008003f0c                HAL_PCD_DataOutStageCallback
 .text.HAL_PCD_DataInStageCallback
                0x0000000008003f20       0x14 ../../DaisyExamples/libDaisy//build/libdaisy.a(usbd_conf.o)
                0x0000000008003f20                HAL_PCD_DataInStageCallback
 .text.HAL_PCD_SOFCallback
                0x0000000008003f34        0x8 ../../DaisyExamples/libDaisy//build/libdaisy.a(usbd_conf.o)
                0x0000000008003f34                HAL_PCD_SOFCallback
 .text.HAL_PCD_ResetCallback
                0x0000000008003f3c       0x24 ../../DaisyExamples/libDaisy//build/libdaisy.a(usbd_conf.o)
                0x0000000008003f3c                HAL_PCD_ResetCallback
 .text.HAL_PCD_SuspendCallback
                0x0000000008003f60       0x30 ../../DaisyExamples/libDaisy//build/libdaisy.a(usbd_conf.o)
                0x0000000008003f60                HAL_PCD_SuspendCallback
 .text.HAL_PCD_ResumeCallback
                0x0000000008003f90        0x8 ../../DaisyExamples/libDaisy//build/libdaisy.a(usbd_conf.o)
                0x0000000008003f90                HAL_PCD_ResumeCallback
 .text.HAL_PCD_ISOOUTIncompleteCallback
                0x0000000008003f98        0x8 ../../DaisyExamples/libDaisy//build/libdaisy.a(usbd_conf.o)
                0x0000000008003f98                HAL_PCD_ISOOUTIncompleteCallback
 .text.HAL_PCD_ISOINIncompleteCallback
                0x0000000008003fa0        0x8 ../../DaisyExamples/libDaisy//build/libdaisy.a(usbd_conf.o)
                0x0000000008003fa0                HAL_PCD_ISOINIncompleteCallback
 .text.HAL_PCD_ConnectCallback
                0x0000000008003fa8        0x8 ../../DaisyExamples/libDaisy//build/libdaisy.a(usbd_conf.o)
                0x0000000008003fa8                HAL_PCD_ConnectCallback
 .text.HAL_PCD_DisconnectCallback
                0x0000000008003fb0        0x8 ../../DaisyExamples/libDaisy//build/libdaisy.a(usbd_conf.o)
                0x0000000008003fb0                HAL_PCD_DisconnectCallback
 .text.USBD_LL_Init
                0x0000000008003fb8       0xe4 ../../DaisyExamples/libDaisy//build/libdaisy.a(usbd_conf.o)
                0x0000000008003fb8                USBD_LL_Init
 .text.USBD_LL_Start
                0x000000000800409c       0x1c ../../DaisyExamples/libDaisy//build/libdaisy.a(usbd_conf.o)
                0x000000000800409c                USBD_LL_Start
 .text.USBD_LL_OpenEP
                0x00000000080040b8       0x24 ../../DaisyExamples/libDaisy//build/libdaisy.a(usbd_conf.o)
                0x00000000080040b8                USBD_LL_OpenEP
 .text.USBD_LL_CloseEP
                0x00000000080040dc       0x1c ../../DaisyExamples/libDaisy//build/libdaisy.a(usbd_conf.o)
                0x00000000080040dc                USBD_LL_CloseEP
 .text.USBD_LL_StallEP
                0x00000000080040f8       0x1c ../../DaisyExamples/libDaisy//build/libdaisy.a(usbd_conf.o)
                0x00000000080040f8                USBD_LL_StallEP
 .text.USBD_LL_ClearStallEP
                0x0000000008004114       0x1c ../../DaisyExamples/libDaisy//build/libdaisy.a(usbd_conf.o)
                0x0000000008004114                USBD_LL_ClearStallEP
 .text.USBD_LL_IsStallEP
                0x0000000008004130       0x28 ../../DaisyExamples/libDaisy//build/libdaisy.a(usbd_conf.o)
                0x0000000008004130                USBD_LL_IsStallEP
 .text.USBD_LL_SetUSBAddress
                0x0000000008004158       0x1c ../../DaisyExamples/libDaisy//build/libdaisy.a(usbd_conf.o)
                0x0000000008004158                USBD_LL_SetUSBAddress
 .text.USBD_LL_Transmit
                0x0000000008004174       0x1c ../../DaisyExamples/libDaisy//build/libdaisy.a(usbd_conf.o)
                0x0000000008004174                USBD_LL_Transmit
 .text.USBD_LL_PrepareReceive
                0x0000000008004190       0x1c ../../DaisyExamples/libDaisy//build/libdaisy.a(usbd_conf.o)
                0x0000000008004190                USBD_LL_PrepareReceive
 .text.USBD_LL_GetRxDataSize
                0x00000000080041ac        0x8 ../../DaisyExamples/libDaisy//build/libdaisy.a(usbd_conf.o)
                0x00000000080041ac                USBD_LL_GetRxDataSize
 .text.USBD_HS_DeviceDescriptor
                0x00000000080041b4        0xc ../../DaisyExamples/libDaisy//build/libdaisy.a(usbd_desc.o)
                0x00000000080041b4                USBD_HS_DeviceDescriptor
 .text.USBD_FS_DeviceDescriptor
                0x00000000080041c0        0xc ../../DaisyExamples/libDaisy//build/libdaisy.a(usbd_desc.o)
                0x00000000080041c0                USBD_FS_DeviceDescriptor
 .text.USBD_FS_LangIDStrDescriptor
                0x00000000080041cc        0xc ../../DaisyExamples/libDaisy//build/libdaisy.a(usbd_desc.o)
                0x00000000080041cc                USBD_FS_LangIDStrDescriptor
 .text.USBD_FS_ManufacturerStrDescriptor
                0x00000000080041d8       0x1c ../../DaisyExamples/libDaisy//build/libdaisy.a(usbd_desc.o)
                0x00000000080041d8                USBD_FS_ManufacturerStrDescriptor
 .text.USBD_HS_ProductStrDescriptor
                0x00000000080041f4       0x1c ../../DaisyExamples/libDaisy//build/libdaisy.a(usbd_desc.o)
                0x00000000080041f4                USBD_HS_ProductStrDescriptor
 .text.USBD_FS_ConfigStrDescriptor
                0x0000000008004210       0x1c ../../DaisyExamples/libDaisy//build/libdaisy.a(usbd_desc.o)
                0x0000000008004210                USBD_FS_ConfigStrDescriptor
 .text.USBD_FS_InterfaceStrDescriptor
                0x000000000800422c       0x1c ../../DaisyExamples/libDaisy//build/libdaisy.a(usbd_desc.o)
                0x000000000800422c                USBD_FS_InterfaceStrDescriptor
 .text.USBD_FS_ProductStrDescriptor
                0x0000000008004248       0x1c ../../DaisyExamples/libDaisy//build/libdaisy.a(usbd_desc.o)
                0x0000000008004248                USBD_FS_ProductStrDescriptor
 .text.USBD_HS_LangIDStrDescriptor
                0x0000000008004264        0xc ../../DaisyExamples/libDaisy//build/libdaisy.a(usbd_desc.o)
                0x0000000008004264                USBD_HS_LangIDStrDescriptor
 .text.USBD_HS_ManufacturerStrDescriptor
                0x0000000008004270       0x1c ../../DaisyExamples/libDaisy//build/libdaisy.a(usbd_desc.o)
                0x0000000008004270                USBD_HS_ManufacturerStrDescriptor
 .text.USBD_FS_SerialStrDescriptor
                0x000000000800428c      0x124 ../../DaisyExamples/libDaisy//build/libdaisy.a(usbd_desc.o)
                0x000000000800428c                USBD_FS_SerialStrDescriptor
 .text.USBD_HS_SerialStrDescriptor
                0x00000000080043b0      0x124 ../../DaisyExamples/libDaisy//build/libdaisy.a(usbd_desc.o)
                0x00000000080043b0                USBD_HS_SerialStrDescriptor
 .text.USBD_HS_InterfaceStrDescriptor
                0x00000000080044d4       0x1c ../../DaisyExamples/libDaisy//build/libdaisy.a(usbd_desc.o)
                0x00000000080044d4                USBD_HS_InterfaceStrDescriptor
 .text.USBD_HS_ConfigStrDescriptor
                0x00000000080044f0       0x1c ../../DaisyExamples/libDaisy//build/libdaisy.a(usbd_desc.o)
                0x00000000080044f0                USBD_HS_ConfigStrDescriptor
 .text.HAL_HCD_SOF_Callback
                0x000000000800450c        0x8 ../../DaisyExamples/libDaisy//build/libdaisy.a(usbh_conf.o)
                0x000000000800450c                HAL_HCD_SOF_Callback
 .text.HAL_HCD_Connect_Callback
                0x0000000008004514        0x8 ../../DaisyExamples/libDaisy//build/libdaisy.a(usbh_conf.o)
                0x0000000008004514                HAL_HCD_Connect_Callback
 .text.HAL_HCD_Disconnect_Callback
                0x000000000800451c        0x8 ../../DaisyExamples/libDaisy//build/libdaisy.a(usbh_conf.o)
                0x000000000800451c                HAL_HCD_Disconnect_Callback
 .text.HAL_HCD_HC_NotifyURBChange_Callback
                0x0000000008004524        0x4 ../../DaisyExamples/libDaisy//build/libdaisy.a(usbh_conf.o)
                0x0000000008004524                HAL_HCD_HC_NotifyURBChange_Callback
 .text.HAL_HCD_PortEnabled_Callback
                0x0000000008004528        0x8 ../../DaisyExamples/libDaisy//build/libdaisy.a(usbh_conf.o)
                0x0000000008004528                HAL_HCD_PortEnabled_Callback
 .text.HAL_HCD_PortDisabled_Callback
                0x0000000008004530        0x8 ../../DaisyExamples/libDaisy//build/libdaisy.a(usbh_conf.o)
                0x0000000008004530                HAL_HCD_PortDisabled_Callback
 .text.USBH_LL_Stop
                0x0000000008004538       0x1c ../../DaisyExamples/libDaisy//build/libdaisy.a(usbh_conf.o)
                0x0000000008004538                USBH_LL_Stop
 .text.dsy_hal_map_get_port
                0x0000000008004554       0x10 ../../DaisyExamples/libDaisy//build/libdaisy.a(hal_map.o)
                0x0000000008004554                dsy_hal_map_get_port
 .text.dsy_hal_map_get_pin
                0x0000000008004564       0x10 ../../DaisyExamples/libDaisy//build/libdaisy.a(hal_map.o)
                0x0000000008004564                dsy_hal_map_get_pin
 .text.dsy_hal_map_gpio_clk_enable
                0x0000000008004574      0x150 ../../DaisyExamples/libDaisy//build/libdaisy.a(hal_map.o)
                0x0000000008004574                dsy_hal_map_gpio_clk_enable
 .text.HAL_MspInit
                0x00000000080046c4        0x4 ../../DaisyExamples/libDaisy//build/libdaisy.a(stm32h7xx_hal.o)
                0x00000000080046c4                HAL_MspInit
 .text.HAL_InitTick
                0x00000000080046c8       0x4c ../../DaisyExamples/libDaisy//build/libdaisy.a(stm32h7xx_hal.o)
                0x00000000080046c8                HAL_InitTick
 .text.HAL_Init
                0x0000000008004714       0x60 ../../DaisyExamples/libDaisy//build/libdaisy.a(stm32h7xx_hal.o)
                0x0000000008004714                HAL_Init
 .text.HAL_IncTick
                0x0000000008004774       0x18 ../../DaisyExamples/libDaisy//build/libdaisy.a(stm32h7xx_hal.o)
                0x0000000008004774                HAL_IncTick
 .text.HAL_GetTick
                0x000000000800478c        0xc ../../DaisyExamples/libDaisy//build/libdaisy.a(stm32h7xx_hal.o)
                0x000000000800478c                HAL_GetTick
 .text.HAL_Delay
                0x0000000008004798       0x24 ../../DaisyExamples/libDaisy//build/libdaisy.a(stm32h7xx_hal.o)
                0x0000000008004798                HAL_Delay
 .text.HAL_GetREVID
                0x00000000080047bc        0xc ../../DaisyExamples/libDaisy//build/libdaisy.a(stm32h7xx_hal.o)
                0x00000000080047bc                HAL_GetREVID
 .text.HAL_NVIC_SetPriorityGrouping
                0x00000000080047c8       0x24 ../../DaisyExamples/libDaisy//build/libdaisy.a(stm32h7xx_hal_cortex.o)
                0x00000000080047c8                HAL_NVIC_SetPriorityGrouping
 .text.HAL_NVIC_SetPriority
                0x00000000080047ec       0x7c ../../DaisyExamples/libDaisy//build/libdaisy.a(stm32h7xx_hal_cortex.o)
                0x00000000080047ec                HAL_NVIC_SetPriority
 .text.HAL_NVIC_EnableIRQ
                0x0000000008004868       0x1c ../../DaisyExamples/libDaisy//build/libdaisy.a(stm32h7xx_hal_cortex.o)
                0x0000000008004868                HAL_NVIC_EnableIRQ
 .text.HAL_NVIC_DisableIRQ
                0x0000000008004884       0x28 ../../DaisyExamples/libDaisy//build/libdaisy.a(stm32h7xx_hal_cortex.o)
                0x0000000008004884                HAL_NVIC_DisableIRQ
 .text.HAL_SYSTICK_Config
                0x00000000080048ac       0x2c ../../DaisyExamples/libDaisy//build/libdaisy.a(stm32h7xx_hal_cortex.o)
                0x00000000080048ac                HAL_SYSTICK_Config
 .text.HAL_MPU_Disable
                0x00000000080048d8       0x1c ../../DaisyExamples/libDaisy//build/libdaisy.a(stm32h7xx_hal_cortex.o)
                0x00000000080048d8                HAL_MPU_Disable
 .text.HAL_MPU_Enable
                0x00000000080048f4       0x20 ../../DaisyExamples/libDaisy//build/libdaisy.a(stm32h7xx_hal_cortex.o)
                0x00000000080048f4                HAL_MPU_Enable
 .text.HAL_MPU_ConfigRegion
                0x0000000008004914       0x64 ../../DaisyExamples/libDaisy//build/libdaisy.a(stm32h7xx_hal_cortex.o)
                0x0000000008004914                HAL_MPU_ConfigRegion
 .text.HAL_SYSTICK_Callback
                0x0000000008004978        0x4 ../../DaisyExamples/libDaisy//build/libdaisy.a(stm32h7xx_hal_cortex.o)
                0x0000000008004978                HAL_SYSTICK_Callback
 .text.HAL_SYSTICK_IRQHandler
                0x000000000800497c        0x8 ../../DaisyExamples/libDaisy//build/libdaisy.a(stm32h7xx_hal_cortex.o)
                0x000000000800497c                HAL_SYSTICK_IRQHandler
 .text.DMA_CalcBaseAndBitshift
                0x0000000008004984       0xf4 ../../DaisyExamples/libDaisy//build/libdaisy.a(stm32h7xx_hal_dma.o)
 .text.DMA_CalcDMAMUXChannelBaseAndMask
                0x0000000008004a78       0xd8 ../../DaisyExamples/libDaisy//build/libdaisy.a(stm32h7xx_hal_dma.o)
 .text.HAL_DMA_Init
                0x0000000008004b50      0x37c ../../DaisyExamples/libDaisy//build/libdaisy.a(stm32h7xx_hal_dma.o)
                0x0000000008004b50                HAL_DMA_Init
 .text.HAL_DMA_Start_IT
                0x0000000008004ecc      0x240 ../../DaisyExamples/libDaisy//build/libdaisy.a(stm32h7xx_hal_dma.o)
                0x0000000008004ecc                HAL_DMA_Start_IT
 .text.HAL_DMA_Abort_IT
                0x000000000800510c      0x134 ../../DaisyExamples/libDaisy//build/libdaisy.a(stm32h7xx_hal_dma.o)
                0x000000000800510c                HAL_DMA_Abort_IT
 .text.HAL_DMA_IRQHandler
                0x0000000008005240      0x6a0 ../../DaisyExamples/libDaisy//build/libdaisy.a(stm32h7xx_hal_dma.o)
                0x0000000008005240                HAL_DMA_IRQHandler
 .text.HAL_DMA_GetError
                0x00000000080058e0        0x4 ../../DaisyExamples/libDaisy//build/libdaisy.a(stm32h7xx_hal_dma.o)
                0x00000000080058e0                HAL_DMA_GetError
 .text.HAL_GPIO_Init
                0x00000000080058e4      0x280 ../../DaisyExamples/libDaisy//build/libdaisy.a(stm32h7xx_hal_gpio.o)
                0x00000000080058e4                HAL_GPIO_Init
 .text.HAL_GPIO_DeInit
                0x0000000008005b64      0x190 ../../DaisyExamples/libDaisy//build/libdaisy.a(stm32h7xx_hal_gpio.o)
                0x0000000008005b64                HAL_GPIO_DeInit
 .text.HAL_GPIO_ReadPin
                0x0000000008005cf4        0xc ../../DaisyExamples/libDaisy//build/libdaisy.a(stm32h7xx_hal_gpio.o)
                0x0000000008005cf4                HAL_GPIO_ReadPin
 .text.HAL_GPIO_WritePin
                0x0000000008005d00        0x8 ../../DaisyExamples/libDaisy//build/libdaisy.a(stm32h7xx_hal_gpio.o)
                0x0000000008005d00                HAL_GPIO_WritePin
 .text.HAL_HCD_IRQHandler
                0x0000000008005d08      0x780 ../../DaisyExamples/libDaisy//build/libdaisy.a(stm32h7xx_hal_hcd.o)
                0x0000000008005d08                HAL_HCD_IRQHandler
 .text.HAL_HCD_Stop
                0x0000000008006488       0x28 ../../DaisyExamples/libDaisy//build/libdaisy.a(stm32h7xx_hal_hcd.o)
                0x0000000008006488                HAL_HCD_Stop
 .text.I2C_WaitOnTXISFlagUntilTimeout
                0x00000000080064b0       0xb8 ../../DaisyExamples/libDaisy//build/libdaisy.a(stm32h7xx_hal_i2c.o)
 .text.I2C_WaitOnSTOPFlagUntilTimeout
                0x0000000008006568       0xac ../../DaisyExamples/libDaisy//build/libdaisy.a(stm32h7xx_hal_i2c.o)
 .text.HAL_I2C_Init
                0x0000000008006614       0xac ../../DaisyExamples/libDaisy//build/libdaisy.a(stm32h7xx_hal_i2c.o)
                0x0000000008006614                HAL_I2C_Init
 .text.HAL_I2C_Master_Transmit
                0x00000000080066c0      0x1a8 ../../DaisyExamples/libDaisy//build/libdaisy.a(stm32h7xx_hal_i2c.o)
                0x00000000080066c0                HAL_I2C_Master_Transmit
 .text.HAL_I2C_Slave_Transmit
                0x0000000008006868      0x1c8 ../../DaisyExamples/libDaisy//build/libdaisy.a(stm32h7xx_hal_i2c.o)
                0x0000000008006868                HAL_I2C_Slave_Transmit
 .text.HAL_I2C_EV_IRQHandler
                0x0000000008006a30       0x10 ../../DaisyExamples/libDaisy//build/libdaisy.a(stm32h7xx_hal_i2c.o)
                0x0000000008006a30                HAL_I2C_EV_IRQHandler
 .text.HAL_I2C_GetState
                0x0000000008006a40        0x8 ../../DaisyExamples/libDaisy//build/libdaisy.a(stm32h7xx_hal_i2c.o)
                0x0000000008006a40                HAL_I2C_GetState
 .text.HAL_I2CEx_ConfigAnalogFilter
                0x0000000008006a48       0x54 ../../DaisyExamples/libDaisy//build/libdaisy.a(stm32h7xx_hal_i2c_ex.o)
                0x0000000008006a48                HAL_I2CEx_ConfigAnalogFilter
 .text.HAL_I2CEx_ConfigDigitalFilter
                0x0000000008006a9c       0x58 ../../DaisyExamples/libDaisy//build/libdaisy.a(stm32h7xx_hal_i2c_ex.o)
                0x0000000008006a9c                HAL_I2CEx_ConfigDigitalFilter
 .text.HAL_PCD_Init
                0x0000000008006af4      0x12c ../../DaisyExamples/libDaisy//build/libdaisy.a(stm32h7xx_hal_pcd.o)
                0x0000000008006af4                HAL_PCD_Init
 .text.HAL_PCD_Start
                0x0000000008006c20       0x44 ../../DaisyExamples/libDaisy//build/libdaisy.a(stm32h7xx_hal_pcd.o)
                0x0000000008006c20                HAL_PCD_Start
 .text.HAL_PCD_IRQHandler
                0x0000000008006c64      0x69c ../../DaisyExamples/libDaisy//build/libdaisy.a(stm32h7xx_hal_pcd.o)
                0x0000000008006c64                HAL_PCD_IRQHandler
 .text.HAL_PCD_SetAddress
                0x0000000008007300       0x2c ../../DaisyExamples/libDaisy//build/libdaisy.a(stm32h7xx_hal_pcd.o)
                0x0000000008007300                HAL_PCD_SetAddress
 .text.HAL_PCD_EP_Open
                0x000000000800732c       0x7c ../../DaisyExamples/libDaisy//build/libdaisy.a(stm32h7xx_hal_pcd.o)
                0x000000000800732c                HAL_PCD_EP_Open
 .text.HAL_PCD_EP_Close
                0x00000000080073a8       0x6c ../../DaisyExamples/libDaisy//build/libdaisy.a(stm32h7xx_hal_pcd.o)
                0x00000000080073a8                HAL_PCD_EP_Close
 .text.HAL_PCD_EP_Receive
                0x0000000008007414       0x50 ../../DaisyExamples/libDaisy//build/libdaisy.a(stm32h7xx_hal_pcd.o)
                0x0000000008007414                HAL_PCD_EP_Receive
 .text.HAL_PCD_EP_GetRxCount
                0x0000000008007464       0x14 ../../DaisyExamples/libDaisy//build/libdaisy.a(stm32h7xx_hal_pcd.o)
                0x0000000008007464                HAL_PCD_EP_GetRxCount
 .text.HAL_PCD_EP_Transmit
                0x0000000008007478       0x50 ../../DaisyExamples/libDaisy//build/libdaisy.a(stm32h7xx_hal_pcd.o)
                0x0000000008007478                HAL_PCD_EP_Transmit
 .text.HAL_PCD_EP_SetStall
                0x00000000080074c8       0x88 ../../DaisyExamples/libDaisy//build/libdaisy.a(stm32h7xx_hal_pcd.o)
                0x00000000080074c8                HAL_PCD_EP_SetStall
 .text.HAL_PCD_EP_ClrStall
                0x0000000008007550       0x78 ../../DaisyExamples/libDaisy//build/libdaisy.a(stm32h7xx_hal_pcd.o)
                0x0000000008007550                HAL_PCD_EP_ClrStall
 .text.HAL_PCDEx_SetTxFiFo
                0x00000000080075c8       0x54 ../../DaisyExamples/libDaisy//build/libdaisy.a(stm32h7xx_hal_pcd_ex.o)
                0x00000000080075c8                HAL_PCDEx_SetTxFiFo
 .text.HAL_PCDEx_SetRxFiFo
                0x000000000800761c        0xc ../../DaisyExamples/libDaisy//build/libdaisy.a(stm32h7xx_hal_pcd_ex.o)
                0x000000000800761c                HAL_PCDEx_SetRxFiFo
 .text.HAL_PCDEx_ActivateLPM
                0x0000000008007628       0x30 ../../DaisyExamples/libDaisy//build/libdaisy.a(stm32h7xx_hal_pcd_ex.o)
                0x0000000008007628                HAL_PCDEx_ActivateLPM
 .text.HAL_PCDEx_LPM_Callback
                0x0000000008007658        0x4 ../../DaisyExamples/libDaisy//build/libdaisy.a(stm32h7xx_hal_pcd_ex.o)
                0x0000000008007658                HAL_PCDEx_LPM_Callback
 .text.HAL_PWREx_ConfigSupply
                0x000000000800765c       0x4c ../../DaisyExamples/libDaisy//build/libdaisy.a(stm32h7xx_hal_pwr_ex.o)
                0x000000000800765c                HAL_PWREx_ConfigSupply
 .text.HAL_PWREx_EnableUSBVoltageDetector
                0x00000000080076a8       0x10 ../../DaisyExamples/libDaisy//build/libdaisy.a(stm32h7xx_hal_pwr_ex.o)
                0x00000000080076a8                HAL_PWREx_EnableUSBVoltageDetector
 .text.QSPI_Config
                0x00000000080076b8      0x174 ../../DaisyExamples/libDaisy//build/libdaisy.a(stm32h7xx_hal_qspi.o)
 .text.HAL_QSPI_Init
                0x000000000800782c       0xd8 ../../DaisyExamples/libDaisy//build/libdaisy.a(stm32h7xx_hal_qspi.o)
                0x000000000800782c                HAL_QSPI_Init
 .text.HAL_QSPI_DeInit
                0x0000000008007904       0x3c ../../DaisyExamples/libDaisy//build/libdaisy.a(stm32h7xx_hal_qspi.o)
                0x0000000008007904                HAL_QSPI_DeInit
 .text.HAL_QSPI_Command
                0x0000000008007940       0xd4 ../../DaisyExamples/libDaisy//build/libdaisy.a(stm32h7xx_hal_qspi.o)
                0x0000000008007940                HAL_QSPI_Command
 .text.HAL_QSPI_Transmit
                0x0000000008007a14       0xfc ../../DaisyExamples/libDaisy//build/libdaisy.a(stm32h7xx_hal_qspi.o)
                0x0000000008007a14                HAL_QSPI_Transmit
 .text.HAL_QSPI_Receive
                0x0000000008007b10      0x108 ../../DaisyExamples/libDaisy//build/libdaisy.a(stm32h7xx_hal_qspi.o)
                0x0000000008007b10                HAL_QSPI_Receive
 .text.HAL_QSPI_AutoPolling
                0x0000000008007c18       0xf0 ../../DaisyExamples/libDaisy//build/libdaisy.a(stm32h7xx_hal_qspi.o)
                0x0000000008007c18                HAL_QSPI_AutoPolling
 .text.HAL_QSPI_MemoryMapped
                0x0000000008007d08       0xc0 ../../DaisyExamples/libDaisy//build/libdaisy.a(stm32h7xx_hal_qspi.o)
                0x0000000008007d08                HAL_QSPI_MemoryMapped
 .text.HAL_QSPI_ErrorCallback
                0x0000000008007dc8        0x4 ../../DaisyExamples/libDaisy//build/libdaisy.a(stm32h7xx_hal_qspi.o)
                0x0000000008007dc8                HAL_QSPI_ErrorCallback
 .text.QSPI_DMAAbortCplt
                0x0000000008007dcc       0x38 ../../DaisyExamples/libDaisy//build/libdaisy.a(stm32h7xx_hal_qspi.o)
 .text.HAL_QSPI_AbortCpltCallback
                0x0000000008007e04        0x4 ../../DaisyExamples/libDaisy//build/libdaisy.a(stm32h7xx_hal_qspi.o)
                0x0000000008007e04                HAL_QSPI_AbortCpltCallback
 .text.HAL_QSPI_CmdCpltCallback
                0x0000000008007e08        0x4 ../../DaisyExamples/libDaisy//build/libdaisy.a(stm32h7xx_hal_qspi.o)
                0x0000000008007e08                HAL_QSPI_CmdCpltCallback
 .text.HAL_QSPI_RxCpltCallback
                0x0000000008007e0c        0x4 ../../DaisyExamples/libDaisy//build/libdaisy.a(stm32h7xx_hal_qspi.o)
                0x0000000008007e0c                HAL_QSPI_RxCpltCallback
 .text.HAL_QSPI_TxCpltCallback
                0x0000000008007e10        0x4 ../../DaisyExamples/libDaisy//build/libdaisy.a(stm32h7xx_hal_qspi.o)
                0x0000000008007e10                HAL_QSPI_TxCpltCallback
 .text.HAL_QSPI_FifoThresholdCallback
                0x0000000008007e14        0x4 ../../DaisyExamples/libDaisy//build/libdaisy.a(stm32h7xx_hal_qspi.o)
                0x0000000008007e14                HAL_QSPI_FifoThresholdCallback
 .text.HAL_QSPI_StatusMatchCallback
                0x0000000008007e18        0x4 ../../DaisyExamples/libDaisy//build/libdaisy.a(stm32h7xx_hal_qspi.o)
                0x0000000008007e18                HAL_QSPI_StatusMatchCallback
 .text.HAL_QSPI_TimeOutCallback
                0x0000000008007e1c        0x4 ../../DaisyExamples/libDaisy//build/libdaisy.a(stm32h7xx_hal_qspi.o)
                0x0000000008007e1c                HAL_QSPI_TimeOutCallback
 .text.HAL_QSPI_IRQHandler
                0x0000000008007e20      0x210 ../../DaisyExamples/libDaisy//build/libdaisy.a(stm32h7xx_hal_qspi.o)
                0x0000000008007e20                HAL_QSPI_IRQHandler
 .text.HAL_RCC_OscConfig
                0x0000000008008030      0x51c ../../DaisyExamples/libDaisy//build/libdaisy.a(stm32h7xx_hal_rcc.o)
                0x0000000008008030                HAL_RCC_OscConfig
 .text.HAL_RCC_GetSysClockFreq
                0x000000000800854c      0x140 ../../DaisyExamples/libDaisy//build/libdaisy.a(stm32h7xx_hal_rcc.o)
                0x000000000800854c                HAL_RCC_GetSysClockFreq
 .text.HAL_RCC_ClockConfig
                0x000000000800868c      0x234 ../../DaisyExamples/libDaisy//build/libdaisy.a(stm32h7xx_hal_rcc.o)
                0x000000000800868c                HAL_RCC_ClockConfig
 .text.HAL_RCC_GetHCLKFreq
                0x00000000080088c0       0x2c ../../DaisyExamples/libDaisy//build/libdaisy.a(stm32h7xx_hal_rcc.o)
                0x00000000080088c0                HAL_RCC_GetHCLKFreq
 .text.HAL_RCC_GetPCLK1Freq
                0x00000000080088ec       0x38 ../../DaisyExamples/libDaisy//build/libdaisy.a(stm32h7xx_hal_rcc.o)
                0x00000000080088ec                HAL_RCC_GetPCLK1Freq
 .text.HAL_RCC_GetPCLK2Freq
                0x0000000008008924       0x38 ../../DaisyExamples/libDaisy//build/libdaisy.a(stm32h7xx_hal_rcc.o)
                0x0000000008008924                HAL_RCC_GetPCLK2Freq
 .text.RCCEx_PLL2_Config
                0x000000000800895c       0xf4 ../../DaisyExamples/libDaisy//build/libdaisy.a(stm32h7xx_hal_rcc_ex.o)
 .text.RCCEx_PLL3_Config
                0x0000000008008a50       0xf4 ../../DaisyExamples/libDaisy//build/libdaisy.a(stm32h7xx_hal_rcc_ex.o)
 .text.HAL_RCCEx_PeriphCLKConfig
                0x0000000008008b44      0xa7c ../../DaisyExamples/libDaisy//build/libdaisy.a(stm32h7xx_hal_rcc_ex.o)
                0x0000000008008b44                HAL_RCCEx_PeriphCLKConfig
 .text.HAL_RCCEx_GetD3PCLK1Freq
                0x00000000080095c0       0x24 ../../DaisyExamples/libDaisy//build/libdaisy.a(stm32h7xx_hal_rcc_ex.o)
                0x00000000080095c0                HAL_RCCEx_GetD3PCLK1Freq
 .text.HAL_RCCEx_GetPLL2ClockFreq
                0x00000000080095e4      0x17c ../../DaisyExamples/libDaisy//build/libdaisy.a(stm32h7xx_hal_rcc_ex.o)
                0x00000000080095e4                HAL_RCCEx_GetPLL2ClockFreq
 .text.HAL_RCCEx_GetPLL3ClockFreq
                0x0000000008009760      0x17c ../../DaisyExamples/libDaisy//build/libdaisy.a(stm32h7xx_hal_rcc_ex.o)
                0x0000000008009760                HAL_RCCEx_GetPLL3ClockFreq
 .text.HAL_RCCEx_GetPLL1ClockFreq
                0x00000000080098dc      0x17c ../../DaisyExamples/libDaisy//build/libdaisy.a(stm32h7xx_hal_rcc_ex.o)
                0x00000000080098dc                HAL_RCCEx_GetPLL1ClockFreq
 .text.HAL_RCCEx_GetPeriphCLKFreq
                0x0000000008009a58      0x198 ../../DaisyExamples/libDaisy//build/libdaisy.a(stm32h7xx_hal_rcc_ex.o)
                0x0000000008009a58                HAL_RCCEx_GetPeriphCLKFreq
 .text.HAL_RCCEx_GetD1SysClockFreq
                0x0000000008009bf0       0x2c ../../DaisyExamples/libDaisy//build/libdaisy.a(stm32h7xx_hal_rcc_ex.o)
                0x0000000008009bf0                HAL_RCCEx_GetD1SysClockFreq
 .text.HAL_SAI_Init.part.0
                0x0000000008009c1c      0x348 ../../DaisyExamples/libDaisy//build/libdaisy.a(stm32h7xx_hal_sai.o)
 .text.HAL_SAI_InitProtocol
                0x0000000008009f64      0x178 ../../DaisyExamples/libDaisy//build/libdaisy.a(stm32h7xx_hal_sai.o)
                0x0000000008009f64                HAL_SAI_InitProtocol
 .text.HAL_SAI_Transmit_DMA
                0x000000000800a0dc      0x124 ../../DaisyExamples/libDaisy//build/libdaisy.a(stm32h7xx_hal_sai.o)
                0x000000000800a0dc                HAL_SAI_Transmit_DMA
 .text.HAL_SAI_Receive_DMA
                0x000000000800a200       0xd0 ../../DaisyExamples/libDaisy//build/libdaisy.a(stm32h7xx_hal_sai.o)
                0x000000000800a200                HAL_SAI_Receive_DMA
 .text.HAL_SAI_TxCpltCallback
                0x000000000800a2d0        0x4 ../../DaisyExamples/libDaisy//build/libdaisy.a(stm32h7xx_hal_sai.o)
                0x000000000800a2d0                HAL_SAI_TxCpltCallback
 .text.SAI_DMATxCplt
                0x000000000800a2d4       0x64 ../../DaisyExamples/libDaisy//build/libdaisy.a(stm32h7xx_hal_sai.o)
 .text.HAL_SAI_TxHalfCpltCallback
                0x000000000800a338        0x4 ../../DaisyExamples/libDaisy//build/libdaisy.a(stm32h7xx_hal_sai.o)
                0x000000000800a338                HAL_SAI_TxHalfCpltCallback
 .text.SAI_DMATxHalfCplt
                0x000000000800a33c        0xc ../../DaisyExamples/libDaisy//build/libdaisy.a(stm32h7xx_hal_sai.o)
 .text.SAI_DMARxCplt
                0x000000000800a348       0x64 ../../DaisyExamples/libDaisy//build/libdaisy.a(stm32h7xx_hal_sai.o)
 .text.SAI_DMARxHalfCplt
                0x000000000800a3ac        0xc ../../DaisyExamples/libDaisy//build/libdaisy.a(stm32h7xx_hal_sai.o)
 .text.HAL_SAI_ErrorCallback
                0x000000000800a3b8        0x4 ../../DaisyExamples/libDaisy//build/libdaisy.a(stm32h7xx_hal_sai.o)
                0x000000000800a3b8                HAL_SAI_ErrorCallback
 .text.SAI_DMAError
                0x000000000800a3bc       0x6c ../../DaisyExamples/libDaisy//build/libdaisy.a(stm32h7xx_hal_sai.o)
 .text.HAL_SDRAM_Init
                0x000000000800a428       0x54 ../../DaisyExamples/libDaisy//build/libdaisy.a(stm32h7xx_hal_sdram.o)
                0x000000000800a428                HAL_SDRAM_Init
 .text.HAL_SDRAM_SendCommand
                0x000000000800a47c       0x40 ../../DaisyExamples/libDaisy//build/libdaisy.a(stm32h7xx_hal_sdram.o)
                0x000000000800a47c                HAL_SDRAM_SendCommand
 .text.HAL_SDRAM_ProgramRefreshRate
                0x000000000800a4bc       0x30 ../../DaisyExamples/libDaisy//build/libdaisy.a(stm32h7xx_hal_sdram.o)
                0x000000000800a4bc                HAL_SDRAM_ProgramRefreshRate
 .text.FMC_SDRAM_Init
                0x000000000800a4ec       0x7c ../../DaisyExamples/libDaisy//build/libdaisy.a(stm32h7xx_ll_fmc.o)
                0x000000000800a4ec                FMC_SDRAM_Init
 .text.FMC_SDRAM_Timing_Init
                0x000000000800a568       0x98 ../../DaisyExamples/libDaisy//build/libdaisy.a(stm32h7xx_ll_fmc.o)
                0x000000000800a568                FMC_SDRAM_Timing_Init
 .text.FMC_SDRAM_SendCommand
                0x000000000800a600       0x28 ../../DaisyExamples/libDaisy//build/libdaisy.a(stm32h7xx_ll_fmc.o)
                0x000000000800a600                FMC_SDRAM_SendCommand
 .text.FMC_SDRAM_ProgramRefreshRate
                0x000000000800a628       0x1c ../../DaisyExamples/libDaisy//build/libdaisy.a(stm32h7xx_ll_fmc.o)
                0x000000000800a628                FMC_SDRAM_ProgramRefreshRate
 .text.USB_CoreInit
                0x000000000800a644      0x124 ../../DaisyExamples/libDaisy//build/libdaisy.a(stm32h7xx_ll_usb.o)
                0x000000000800a644                USB_CoreInit
 .text.USB_SetTurnaroundTime
                0x000000000800a768      0x104 ../../DaisyExamples/libDaisy//build/libdaisy.a(stm32h7xx_ll_usb.o)
                0x000000000800a768                USB_SetTurnaroundTime
 .text.USB_EnableGlobalInt
                0x000000000800a86c       0x10 ../../DaisyExamples/libDaisy//build/libdaisy.a(stm32h7xx_ll_usb.o)
                0x000000000800a86c                USB_EnableGlobalInt
 .text.USB_DisableGlobalInt
                0x000000000800a87c       0x10 ../../DaisyExamples/libDaisy//build/libdaisy.a(stm32h7xx_ll_usb.o)
                0x000000000800a87c                USB_DisableGlobalInt
 .text.USB_SetCurrentMode
                0x000000000800a88c       0x30 ../../DaisyExamples/libDaisy//build/libdaisy.a(stm32h7xx_ll_usb.o)
                0x000000000800a88c                USB_SetCurrentMode
 .text.USB_DevInit
                0x000000000800a8bc      0x20c ../../DaisyExamples/libDaisy//build/libdaisy.a(stm32h7xx_ll_usb.o)
                0x000000000800a8bc                USB_DevInit
 .text.USB_FlushTxFifo
                0x000000000800aac8       0x34 ../../DaisyExamples/libDaisy//build/libdaisy.a(stm32h7xx_ll_usb.o)
                0x000000000800aac8                USB_FlushTxFifo
 .text.USB_GetDevSpeed
                0x000000000800aafc       0x24 ../../DaisyExamples/libDaisy//build/libdaisy.a(stm32h7xx_ll_usb.o)
                0x000000000800aafc                USB_GetDevSpeed
 .text.USB_ActivateEndpoint
                0x000000000800ab20       0x90 ../../DaisyExamples/libDaisy//build/libdaisy.a(stm32h7xx_ll_usb.o)
                0x000000000800ab20                USB_ActivateEndpoint
 .text.USB_DeactivateEndpoint
                0x000000000800abb0       0x84 ../../DaisyExamples/libDaisy//build/libdaisy.a(stm32h7xx_ll_usb.o)
                0x000000000800abb0                USB_DeactivateEndpoint
 .text.USB_EPStartXfer
                0x000000000800ac34      0x230 ../../DaisyExamples/libDaisy//build/libdaisy.a(stm32h7xx_ll_usb.o)
                0x000000000800ac34                USB_EPStartXfer
 .text.USB_EP0StartXfer
                0x000000000800ae64      0x174 ../../DaisyExamples/libDaisy//build/libdaisy.a(stm32h7xx_ll_usb.o)
                0x000000000800ae64                USB_EP0StartXfer
 .text.USB_WritePacket
                0x000000000800afd8       0x2c ../../DaisyExamples/libDaisy//build/libdaisy.a(stm32h7xx_ll_usb.o)
                0x000000000800afd8                USB_WritePacket
 .text.USB_ReadPacket
                0x000000000800b004       0x20 ../../DaisyExamples/libDaisy//build/libdaisy.a(stm32h7xx_ll_usb.o)
                0x000000000800b004                USB_ReadPacket
 .text.USB_EPSetStall
                0x000000000800b024       0x68 ../../DaisyExamples/libDaisy//build/libdaisy.a(stm32h7xx_ll_usb.o)
                0x000000000800b024                USB_EPSetStall
 .text.USB_EPClearStall
                0x000000000800b08c       0x58 ../../DaisyExamples/libDaisy//build/libdaisy.a(stm32h7xx_ll_usb.o)
                0x000000000800b08c                USB_EPClearStall
 .text.USB_SetDevAddress
                0x000000000800b0e4       0x24 ../../DaisyExamples/libDaisy//build/libdaisy.a(stm32h7xx_ll_usb.o)
                0x000000000800b0e4                USB_SetDevAddress
 .text.USB_DevConnect
                0x000000000800b108       0x1c ../../DaisyExamples/libDaisy//build/libdaisy.a(stm32h7xx_ll_usb.o)
                0x000000000800b108                USB_DevConnect
 .text.USB_DevDisconnect
                0x000000000800b124       0x1c ../../DaisyExamples/libDaisy//build/libdaisy.a(stm32h7xx_ll_usb.o)
                0x000000000800b124                USB_DevDisconnect
 .text.USB_ReadInterrupts
                0x000000000800b140       0x14 ../../DaisyExamples/libDaisy//build/libdaisy.a(stm32h7xx_ll_usb.o)
                0x000000000800b140                USB_ReadInterrupts
 .text.USB_ReadDevAllOutEpInterrupt
                0x000000000800b154       0x1c ../../DaisyExamples/libDaisy//build/libdaisy.a(stm32h7xx_ll_usb.o)
                0x000000000800b154                USB_ReadDevAllOutEpInterrupt
 .text.USB_ReadDevAllInEpInterrupt
                0x000000000800b170       0x1c ../../DaisyExamples/libDaisy//build/libdaisy.a(stm32h7xx_ll_usb.o)
                0x000000000800b170                USB_ReadDevAllInEpInterrupt
 .text.USB_ReadDevOutEPInterrupt
                0x000000000800b18c       0x1c ../../DaisyExamples/libDaisy//build/libdaisy.a(stm32h7xx_ll_usb.o)
                0x000000000800b18c                USB_ReadDevOutEPInterrupt
 .text.USB_ReadDevInEPInterrupt
                0x000000000800b1a8       0x38 ../../DaisyExamples/libDaisy//build/libdaisy.a(stm32h7xx_ll_usb.o)
                0x000000000800b1a8                USB_ReadDevInEPInterrupt
 .text.USB_GetMode
                0x000000000800b1e0        0x8 ../../DaisyExamples/libDaisy//build/libdaisy.a(stm32h7xx_ll_usb.o)
                0x000000000800b1e0                USB_GetMode
 .text.USB_ActivateSetup
                0x000000000800b1e8       0x38 ../../DaisyExamples/libDaisy//build/libdaisy.a(stm32h7xx_ll_usb.o)
                0x000000000800b1e8                USB_ActivateSetup
 .text.USB_EP0_OutStart
                0x000000000800b220       0x58 ../../DaisyExamples/libDaisy//build/libdaisy.a(stm32h7xx_ll_usb.o)
                0x000000000800b220                USB_EP0_OutStart
 .text.USB_InitFSLSPClkSel
                0x000000000800b278       0x44 ../../DaisyExamples/libDaisy//build/libdaisy.a(stm32h7xx_ll_usb.o)
                0x000000000800b278                USB_InitFSLSPClkSel
 .text.USB_HC_ReadInterrupt
                0x000000000800b2bc        0x8 ../../DaisyExamples/libDaisy//build/libdaisy.a(stm32h7xx_ll_usb.o)
                0x000000000800b2bc                USB_HC_ReadInterrupt
 .text.USB_HC_Halt
                0x000000000800b2c4       0xc0 ../../DaisyExamples/libDaisy//build/libdaisy.a(stm32h7xx_ll_usb.o)
                0x000000000800b2c4                USB_HC_Halt
 .text.USB_StopHost
                0x000000000800b384      0x2ec ../../DaisyExamples/libDaisy//build/libdaisy.a(stm32h7xx_ll_usb.o)
                0x000000000800b384                USB_StopHost
 .text.USBD_CDC_EP0_RxReady
                0x000000000800b670       0x2c ../../DaisyExamples/libDaisy//build/libdaisy.a(usbd_cdc.o)
 .text.USBD_CDC_GetFSCfgDesc
                0x000000000800b69c       0x24 ../../DaisyExamples/libDaisy//build/libdaisy.a(usbd_cdc.o)
 .text.USBD_CDC_GetHSCfgDesc
                0x000000000800b6c0       0x24 ../../DaisyExamples/libDaisy//build/libdaisy.a(usbd_cdc.o)
 .text.USBD_CDC_GetOtherSpeedCfgDesc
                0x000000000800b6e4       0x24 ../../DaisyExamples/libDaisy//build/libdaisy.a(usbd_cdc.o)
 .text.USBD_CDC_GetDeviceQualifierDescriptor
                0x000000000800b708       0x10 ../../DaisyExamples/libDaisy//build/libdaisy.a(usbd_cdc.o)
                0x000000000800b708                USBD_CDC_GetDeviceQualifierDescriptor
 .text.USBD_CDC_DataOut
                0x000000000800b718       0x30 ../../DaisyExamples/libDaisy//build/libdaisy.a(usbd_cdc.o)
 .text.USBD_CDC_DataIn
                0x000000000800b748       0x50 ../../DaisyExamples/libDaisy//build/libdaisy.a(usbd_cdc.o)
 .text.USBD_CDC_Setup
                0x000000000800b798       0xcc ../../DaisyExamples/libDaisy//build/libdaisy.a(usbd_cdc.o)
 .text.USBD_CDC_DeInit
                0x000000000800b864       0x44 ../../DaisyExamples/libDaisy//build/libdaisy.a(usbd_cdc.o)
 .text.USBD_CDC_Init
                0x000000000800b8a8       0x94 ../../DaisyExamples/libDaisy//build/libdaisy.a(usbd_cdc.o)
 .text.USBD_CDC_RegisterInterface
                0x000000000800b93c       0x10 ../../DaisyExamples/libDaisy//build/libdaisy.a(usbd_cdc.o)
                0x000000000800b93c                USBD_CDC_RegisterInterface
 .text.USBD_CDC_SetTxBuffer
                0x000000000800b94c       0x14 ../../DaisyExamples/libDaisy//build/libdaisy.a(usbd_cdc.o)
                0x000000000800b94c                USBD_CDC_SetTxBuffer
 .text.USBD_CDC_SetRxBuffer
                0x000000000800b960       0x10 ../../DaisyExamples/libDaisy//build/libdaisy.a(usbd_cdc.o)
                0x000000000800b960                USBD_CDC_SetRxBuffer
 .text.USBD_CDC_TransmitPacket
                0x000000000800b970       0x34 ../../DaisyExamples/libDaisy//build/libdaisy.a(usbd_cdc.o)
                0x000000000800b970                USBD_CDC_TransmitPacket
 .text.USBD_CDC_ReceivePacket
                0x000000000800b9a4       0x38 ../../DaisyExamples/libDaisy//build/libdaisy.a(usbd_cdc.o)
                0x000000000800b9a4                USBD_CDC_ReceivePacket
 .text.USBD_Init
                0x000000000800b9dc       0x44 ../../DaisyExamples/libDaisy//build/libdaisy.a(usbd_core.o)
                0x000000000800b9dc                USBD_Init
 .text.USBD_RegisterClass
                0x000000000800ba20       0x2c ../../DaisyExamples/libDaisy//build/libdaisy.a(usbd_core.o)
                0x000000000800ba20                USBD_RegisterClass
 .text.USBD_Start
                0x000000000800ba4c        0xc ../../DaisyExamples/libDaisy//build/libdaisy.a(usbd_core.o)
                0x000000000800ba4c                USBD_Start
 .text.USBD_SetClassConfig
                0x000000000800ba58       0x14 ../../DaisyExamples/libDaisy//build/libdaisy.a(usbd_core.o)
                0x000000000800ba58                USBD_SetClassConfig
 .text.USBD_ClrClassConfig
                0x000000000800ba6c       0x10 ../../DaisyExamples/libDaisy//build/libdaisy.a(usbd_core.o)
                0x000000000800ba6c                USBD_ClrClassConfig
 .text.USBD_LL_SetupStage
                0x000000000800ba7c       0x5c ../../DaisyExamples/libDaisy//build/libdaisy.a(usbd_core.o)
                0x000000000800ba7c                USBD_LL_SetupStage
 .text.USBD_LL_DataOutStage
                0x000000000800bad8       0x7c ../../DaisyExamples/libDaisy//build/libdaisy.a(usbd_core.o)
                0x000000000800bad8                USBD_LL_DataOutStage
 .text.USBD_LL_DataInStage
                0x000000000800bb54       0xcc ../../DaisyExamples/libDaisy//build/libdaisy.a(usbd_core.o)
                0x000000000800bb54                USBD_LL_DataInStage
 .text.USBD_LL_Reset
                0x000000000800bc20       0x50 ../../DaisyExamples/libDaisy//build/libdaisy.a(usbd_core.o)
                0x000000000800bc20                USBD_LL_Reset
 .text.USBD_LL_SetSpeed
                0x000000000800bc70        0x8 ../../DaisyExamples/libDaisy//build/libdaisy.a(usbd_core.o)
                0x000000000800bc70                USBD_LL_SetSpeed
 .text.USBD_LL_Suspend
                0x000000000800bc78       0x14 ../../DaisyExamples/libDaisy//build/libdaisy.a(usbd_core.o)
                0x000000000800bc78                USBD_LL_Suspend
 .text.USBD_LL_Resume
                0x000000000800bc8c       0x10 ../../DaisyExamples/libDaisy//build/libdaisy.a(usbd_core.o)
                0x000000000800bc8c                USBD_LL_Resume
 .text.USBD_LL_SOF
                0x000000000800bc9c       0x1c ../../DaisyExamples/libDaisy//build/libdaisy.a(usbd_core.o)
                0x000000000800bc9c                USBD_LL_SOF
 .text.USBD_LL_IsoINIncomplete
                0x000000000800bcb8        0x4 ../../DaisyExamples/libDaisy//build/libdaisy.a(usbd_core.o)
                0x000000000800bcb8                USBD_LL_IsoINIncomplete
 .text.USBD_LL_IsoOUTIncomplete
                0x000000000800bcbc        0x4 ../../DaisyExamples/libDaisy//build/libdaisy.a(usbd_core.o)
                0x000000000800bcbc                USBD_LL_IsoOUTIncomplete
 .text.USBD_LL_DevConnected
                0x000000000800bcc0        0x4 ../../DaisyExamples/libDaisy//build/libdaisy.a(usbd_core.o)
                0x000000000800bcc0                USBD_LL_DevConnected
 .text.USBD_LL_DevDisconnected
                0x000000000800bcc4       0x18 ../../DaisyExamples/libDaisy//build/libdaisy.a(usbd_core.o)
                0x000000000800bcc4                USBD_LL_DevDisconnected
 .text.USBD_StdDevReq
                0x000000000800bcdc      0x304 ../../DaisyExamples/libDaisy//build/libdaisy.a(usbd_ctlreq.o)
                0x000000000800bcdc                USBD_StdDevReq
 .text.USBD_StdItfReq
                0x000000000800bfe0       0x68 ../../DaisyExamples/libDaisy//build/libdaisy.a(usbd_ctlreq.o)
                0x000000000800bfe0                USBD_StdItfReq
 .text.USBD_StdEPReq
                0x000000000800c048      0x13c ../../DaisyExamples/libDaisy//build/libdaisy.a(usbd_ctlreq.o)
                0x000000000800c048                USBD_StdEPReq
 .text.USBD_ParseSetupRequest
                0x000000000800c184       0x28 ../../DaisyExamples/libDaisy//build/libdaisy.a(usbd_ctlreq.o)
                0x000000000800c184                USBD_ParseSetupRequest
 .text.USBD_CtlError
                0x000000000800c1ac       0x18 ../../DaisyExamples/libDaisy//build/libdaisy.a(usbd_ctlreq.o)
                0x000000000800c1ac                USBD_CtlError
 .text.USBD_GetString
                0x000000000800c1c4       0x54 ../../DaisyExamples/libDaisy//build/libdaisy.a(usbd_ctlreq.o)
                0x000000000800c1c4                USBD_GetString
 .text.USBD_CtlSendData
                0x000000000800c218       0x1c ../../DaisyExamples/libDaisy//build/libdaisy.a(usbd_ioreq.o)
                0x000000000800c218                USBD_CtlSendData
 .text.USBD_CtlContinueSendData
                0x000000000800c234       0x14 ../../DaisyExamples/libDaisy//build/libdaisy.a(usbd_ioreq.o)
                0x000000000800c234                USBD_CtlContinueSendData
 .text.USBD_CtlPrepareRx
                0x000000000800c248       0x1c ../../DaisyExamples/libDaisy//build/libdaisy.a(usbd_ioreq.o)
                0x000000000800c248                USBD_CtlPrepareRx
 .text.USBD_CtlContinueRx
                0x000000000800c264       0x14 ../../DaisyExamples/libDaisy//build/libdaisy.a(usbd_ioreq.o)
                0x000000000800c264                USBD_CtlContinueRx
 .text.USBD_CtlSendStatus
                0x000000000800c278       0x18 ../../DaisyExamples/libDaisy//build/libdaisy.a(usbd_ioreq.o)
                0x000000000800c278                USBD_CtlSendStatus
 .text.USBD_CtlReceiveStatus
                0x000000000800c290       0x18 ../../DaisyExamples/libDaisy//build/libdaisy.a(usbd_ioreq.o)
                0x000000000800c290                USBD_CtlReceiveStatus
 .text.USBH_LL_IncTimer
                0x000000000800c2a8       0x20 ../../DaisyExamples/libDaisy//build/libdaisy.a(usbh_core.o)
                0x000000000800c2a8                USBH_LL_IncTimer
 .text.USBH_LL_PortEnabled
                0x000000000800c2c8        0x8 ../../DaisyExamples/libDaisy//build/libdaisy.a(usbh_core.o)
                0x000000000800c2c8                USBH_LL_PortEnabled
 .text.USBH_LL_PortDisabled
                0x000000000800c2d0        0x8 ../../DaisyExamples/libDaisy//build/libdaisy.a(usbh_core.o)
                0x000000000800c2d0                USBH_LL_PortDisabled
 .text.USBH_LL_Connect
                0x000000000800c2d8       0x18 ../../DaisyExamples/libDaisy//build/libdaisy.a(usbh_core.o)
                0x000000000800c2d8                USBH_LL_Connect
 .text.USBH_LL_Disconnect
                0x000000000800c2f0       0x2c ../../DaisyExamples/libDaisy//build/libdaisy.a(usbh_core.o)
                0x000000000800c2f0                USBH_LL_Disconnect
 .text.USBH_FreePipe
                0x000000000800c31c       0x18 ../../DaisyExamples/libDaisy//build/libdaisy.a(usbh_pipes.o)
                0x000000000800c31c                USBH_FreePipe
 .text._ZN5daisy6Random4InitEv
                0x000000000800c334       0x3c ../../DaisyExamples/libDaisy//build/libdaisy.a(rng.o)
                0x000000000800c334                daisy::Random::Init()
 .text._ZN5daisy9SpiHandle4Impl7InitDmaEv
                0x000000000800c370       0xec ../../DaisyExamples/libDaisy//build/libdaisy.a(spi.o)
                0x000000000800c370                daisy::SpiHandle::Impl::InitDma()
 .text._ZN5daisy9SpiHandle4Impl10StartDmaTxEPhjPFvPvEPFvS3_NS0_6ResultEES3_
                0x000000000800c45c       0xc8 ../../DaisyExamples/libDaisy//build/libdaisy.a(spi.o)
                0x000000000800c45c                daisy::SpiHandle::Impl::StartDmaTx(unsigned char*, unsigned int, void (*)(void*), void (*)(void*, daisy::SpiHandle::Result), void*)
 .text._ZN5daisy9SpiHandle4Impl10StartDmaRxEPhjPFvPvEPFvS3_NS0_6ResultEES3_
                0x000000000800c524       0xc8 ../../DaisyExamples/libDaisy//build/libdaisy.a(spi.o)
                0x000000000800c524                daisy::SpiHandle::Impl::StartDmaRx(unsigned char*, unsigned int, void (*)(void*), void (*)(void*, daisy::SpiHandle::Result), void*)
 .text._ZN5daisy9SpiHandle4Impl12StartDmaRxTxEPhS2_jPFvPvEPFvS3_NS0_6ResultEES3_
                0x000000000800c5ec       0xcc ../../DaisyExamples/libDaisy//build/libdaisy.a(spi.o)
                0x000000000800c5ec                daisy::SpiHandle::Impl::StartDmaRxTx(unsigned char*, unsigned char*, unsigned int, void (*)(void*), void (*)(void*, daisy::SpiHandle::Result), void*)
 .text._ZN5daisy9SpiHandle4Impl8InitPinsEv
                0x000000000800c6b8      0x274 ../../DaisyExamples/libDaisy//build/libdaisy.a(spi.o)
                0x000000000800c6b8                daisy::SpiHandle::Impl::InitPins()
 .text.HAL_SPI_MspInit
                0x000000000800c92c      0x1a8 ../../DaisyExamples/libDaisy//build/libdaisy.a(spi.o)
                0x000000000800c92c                HAL_SPI_MspInit
 .text.dsy_spi_global_init
                0x000000000800cad4       0x80 ../../DaisyExamples/libDaisy//build/libdaisy.a(spi.o)
                0x000000000800cad4                dsy_spi_global_init
 .text.SPI1_IRQHandler
                0x000000000800cb54        0xc ../../DaisyExamples/libDaisy//build/libdaisy.a(spi.o)
                0x000000000800cb54                SPI1_IRQHandler
 .text.SPI2_IRQHandler
                0x000000000800cb60        0xc ../../DaisyExamples/libDaisy//build/libdaisy.a(spi.o)
                0x000000000800cb60                SPI2_IRQHandler
 .text.SPI3_IRQHandler
                0x000000000800cb6c        0xc ../../DaisyExamples/libDaisy//build/libdaisy.a(spi.o)
                0x000000000800cb6c                SPI3_IRQHandler
 .text.SPI4_IRQHandler
                0x000000000800cb78        0xc ../../DaisyExamples/libDaisy//build/libdaisy.a(spi.o)
                0x000000000800cb78                SPI4_IRQHandler
 .text.SPI5_IRQHandler
                0x000000000800cb84        0xc ../../DaisyExamples/libDaisy//build/libdaisy.a(spi.o)
                0x000000000800cb84                SPI5_IRQHandler
 .text.DMA2_Stream2_IRQHandler
                0x000000000800cb90       0x34 ../../DaisyExamples/libDaisy//build/libdaisy.a(spi.o)
                0x000000000800cb90                DMA2_Stream2_IRQHandler
 .text.DMA2_Stream3_IRQHandler
                0x000000000800cbc4       0x38 ../../DaisyExamples/libDaisy//build/libdaisy.a(spi.o)
                0x000000000800cbc4                DMA2_Stream3_IRQHandler
 .text.HAL_SPI_TxCpltCallback
                0x000000000800cbfc       0xc4 ../../DaisyExamples/libDaisy//build/libdaisy.a(spi.o)
                0x000000000800cbfc                HAL_SPI_TxCpltCallback
 .text.HAL_SPI_RxCpltCallback
                0x000000000800ccc0       0xc4 ../../DaisyExamples/libDaisy//build/libdaisy.a(spi.o)
                0x000000000800ccc0                HAL_SPI_RxCpltCallback
 .text.HAL_SPI_TxRxCpltCallback
                0x000000000800cd84       0xc4 ../../DaisyExamples/libDaisy//build/libdaisy.a(spi.o)
                0x000000000800cd84                HAL_SPI_TxRxCpltCallback
 .text.HAL_SPI_ErrorCallback
                0x000000000800ce48       0xc8 ../../DaisyExamples/libDaisy//build/libdaisy.a(spi.o)
                0x000000000800ce48                HAL_SPI_ErrorCallback
 .text.startup._GLOBAL__sub_I__Z19MapInstanceToHandleP11SPI_TypeDef
                0x000000000800cf10      0x1b0 ../../DaisyExamples/libDaisy//build/libdaisy.a(spi.o)
 .text.HAL_TIM_Base_MspInit
                0x000000000800d0c0      0x1e0 ../../DaisyExamples/libDaisy//build/libdaisy.a(tim.o)
                0x000000000800d0c0                HAL_TIM_Base_MspInit
 .text.HAL_TIM_PeriodElapsedCallback
                0x000000000800d2a0       0x44 ../../DaisyExamples/libDaisy//build/libdaisy.a(tim.o)
                0x000000000800d2a0                HAL_TIM_PeriodElapsedCallback
 .text.TIM2_IRQHandler
                0x000000000800d2e4        0xc ../../DaisyExamples/libDaisy//build/libdaisy.a(tim.o)
                0x000000000800d2e4                TIM2_IRQHandler
 .text.TIM3_IRQHandler
                0x000000000800d2f0        0xc ../../DaisyExamples/libDaisy//build/libdaisy.a(tim.o)
                0x000000000800d2f0                TIM3_IRQHandler
 .text.TIM4_IRQHandler
                0x000000000800d2fc        0xc ../../DaisyExamples/libDaisy//build/libdaisy.a(tim.o)
                0x000000000800d2fc                TIM4_IRQHandler
 .text.TIM5_IRQHandler
                0x000000000800d308        0xc ../../DaisyExamples/libDaisy//build/libdaisy.a(tim.o)
                0x000000000800d308                TIM5_IRQHandler
 .text._ZN5daisy11TimerHandle4InitERKNS0_6ConfigE
                0x000000000800d314       0xd0 ../../DaisyExamples/libDaisy//build/libdaisy.a(tim.o)
                0x000000000800d314                daisy::TimerHandle::Init(daisy::TimerHandle::Config const&)
 .text._ZN5daisy11TimerHandle5StartEv
                0x000000000800d3e4       0x24 ../../DaisyExamples/libDaisy//build/libdaisy.a(tim.o)
                0x000000000800d3e4                daisy::TimerHandle::Start()
 .text.startup._GLOBAL__sub_I__ZN5daisy11TimerHandle4Impl4InitERKNS0_6ConfigE
                0x000000000800d408       0x38 ../../DaisyExamples/libDaisy//build/libdaisy.a(tim.o)
 .text._ZL20UART_CheckRxListenerPN5daisy11UartHandler4ImplE
                0x000000000800d440       0x84 ../../DaisyExamples/libDaisy//build/libdaisy.a(uart.o)
 .text._ZN5daisy11UartHandler4Impl10StartDmaTxEPhjPFvPvEPFvS3_NS0_6ResultEES3_
                0x000000000800d4c4      0x184 ../../DaisyExamples/libDaisy//build/libdaisy.a(uart.o)
                0x000000000800d4c4                daisy::UartHandler::Impl::StartDmaTx(unsigned char*, unsigned int, void (*)(void*), void (*)(void*, daisy::UartHandler::Result), void*)
 .text._ZN5daisy11UartHandler4Impl10StartDmaRxEPhjPFvPvEPFvS3_NS0_6ResultEES3_
                0x000000000800d648      0x184 ../../DaisyExamples/libDaisy//build/libdaisy.a(uart.o)
                0x000000000800d648                daisy::UartHandler::Impl::StartDmaRx(unsigned char*, unsigned int, void (*)(void*), void (*)(void*, daisy::UartHandler::Result), void*)
 .text._ZN5daisy11UartHandler4Impl19DmaTransferFinishedEP20__UART_HandleTypeDefNS0_6ResultE
                0x000000000800d7cc       0xc0 ../../DaisyExamples/libDaisy//build/libdaisy.a(uart.o)
                0x000000000800d7cc                daisy::UartHandler::Impl::DmaTransferFinished(__UART_HandleTypeDef*, daisy::UartHandler::Result)
 .text._ZN5daisy11UartHandler4Impl8InitPinsEv
                0x000000000800d88c      0x154 ../../DaisyExamples/libDaisy//build/libdaisy.a(uart.o)
                0x000000000800d88c                daisy::UartHandler::Impl::InitPins()
 .text.HAL_UART_MspInit
                0x000000000800d9e0      0x210 ../../DaisyExamples/libDaisy//build/libdaisy.a(uart.o)
                0x000000000800d9e0                HAL_UART_MspInit
 .text.dsy_uart_global_init
                0x000000000800dbf0       0xfc ../../DaisyExamples/libDaisy//build/libdaisy.a(uart.o)
                0x000000000800dbf0                dsy_uart_global_init
 .text.USART1_IRQHandler
                0x000000000800dcec       0x2c ../../DaisyExamples/libDaisy//build/libdaisy.a(uart.o)
                0x000000000800dcec                USART1_IRQHandler
 .text.USART2_IRQHandler
                0x000000000800dd18       0x34 ../../DaisyExamples/libDaisy//build/libdaisy.a(uart.o)
                0x000000000800dd18                USART2_IRQHandler
 .text.USART3_IRQHandler
                0x000000000800dd4c       0x34 ../../DaisyExamples/libDaisy//build/libdaisy.a(uart.o)
                0x000000000800dd4c                USART3_IRQHandler
 .text.UART4_IRQHandler
                0x000000000800dd80       0x34 ../../DaisyExamples/libDaisy//build/libdaisy.a(uart.o)
                0x000000000800dd80                UART4_IRQHandler
 .text.UART5_IRQHandler
                0x000000000800ddb4       0x34 ../../DaisyExamples/libDaisy//build/libdaisy.a(uart.o)
                0x000000000800ddb4                UART5_IRQHandler
 .text.USART6_IRQHandler
                0x000000000800dde8       0x34 ../../DaisyExamples/libDaisy//build/libdaisy.a(uart.o)
                0x000000000800dde8                USART6_IRQHandler
 .text.UART7_IRQHandler
                0x000000000800de1c       0x34 ../../DaisyExamples/libDaisy//build/libdaisy.a(uart.o)
                0x000000000800de1c                UART7_IRQHandler
 .text.UART8_IRQHandler
                0x000000000800de50       0x34 ../../DaisyExamples/libDaisy//build/libdaisy.a(uart.o)
                0x000000000800de50                UART8_IRQHandler
 .text.LPUART1_IRQHandler
                0x000000000800de84       0x34 ../../DaisyExamples/libDaisy//build/libdaisy.a(uart.o)
                0x000000000800de84                LPUART1_IRQHandler
 .text.DMA1_Stream5_IRQHandler
                0x000000000800deb8       0x34 ../../DaisyExamples/libDaisy//build/libdaisy.a(uart.o)
                0x000000000800deb8                DMA1_Stream5_IRQHandler
 .text.DMA2_Stream4_IRQHandler
                0x000000000800deec       0x38 ../../DaisyExamples/libDaisy//build/libdaisy.a(uart.o)
                0x000000000800deec                DMA2_Stream4_IRQHandler
 .text.HAL_UART_TxCpltCallback
                0x000000000800df24        0x8 ../../DaisyExamples/libDaisy//build/libdaisy.a(uart.o)
                0x000000000800df24                HAL_UART_TxCpltCallback
 .text.HAL_UART_RxCpltCallback
                0x000000000800df2c       0x94 ../../DaisyExamples/libDaisy//build/libdaisy.a(uart.o)
                0x000000000800df2c                HAL_UART_RxCpltCallback
 .text.HAL_UART_RxHalfCpltCallback
                0x000000000800dfc0       0x90 ../../DaisyExamples/libDaisy//build/libdaisy.a(uart.o)
                0x000000000800dfc0                HAL_UART_RxHalfCpltCallback
 .text.HAL_UART_ErrorCallback
                0x000000000800e050        0x8 ../../DaisyExamples/libDaisy//build/libdaisy.a(uart.o)
                0x000000000800e050                HAL_UART_ErrorCallback
 .text.startup._GLOBAL__sub_I__Z19MapInstanceToHandleP13USART_TypeDef
                0x000000000800e058      0x194 ../../DaisyExamples/libDaisy//build/libdaisy.a(uart.o)
 .text.dsy_dma_init
                0x000000000800e1ec      0x100 ../../DaisyExamples/libDaisy//build/libdaisy.a(dma.o)
                0x000000000800e1ec                dsy_dma_init
 .text.dsy_dma_invalidate_cache_for_buffer